
Discarded input sections

 .note.GNU-stack
                0x0000000000000000        0x0 build/us_n64/actors/group0.o

Memory Configuration

Name             Origin             Length             Attributes
*default*        0x0000000000000000 0xffffffffffffffff

Linker script and memory map

Address of section .text set to 0x4000000
LOAD build/us_n64/actors/group0.o
                [!provide]                        PROVIDE (__executable_start = SEGMENT_START ("text-segment", 0x400000))
                0x0000000000400000                . = SEGMENT_START ("text-segment", 0x400000)

.interp
 *(.interp)

.MIPS.abiflags  0x0000000000400000       0x18
 *(.MIPS.abiflags)
 .MIPS.abiflags
                0x0000000000400000       0x18 build/us_n64/actors/group0.o

.reginfo        0x0000000000400018       0x18
 *(.reginfo)
 .reginfo       0x0000000000400018       0x18 build/us_n64/actors/group0.o

.note.gnu.build-id
 *(.note.gnu.build-id)

.dynamic
 *(.dynamic)

.hash
 *(.hash)

.gnu.hash
 *(.gnu.hash)

.dynsym
 *(.dynsym)

.dynstr
 *(.dynstr)

.gnu.version
 *(.gnu.version)

.gnu.version_d
 *(.gnu.version_d)

.gnu.version_r
 *(.gnu.version_r)

.rel.dyn        0x0000000000400030        0x0
 *(.rel.init)
 *(.rel.text .rel.text.* .rel.gnu.linkonce.t.*)
 *(.rel.fini)
 *(.rel.rodata .rel.rodata.* .rel.gnu.linkonce.r.*)
 *(.rel.data.rel.ro .rel.data.rel.ro.* .rel.gnu.linkonce.d.rel.ro.*)
 *(.rel.data .rel.data.* .rel.gnu.linkonce.d.*)
 *(.rel.tdata .rel.tdata.* .rel.gnu.linkonce.td.*)
 *(.rel.tbss .rel.tbss.* .rel.gnu.linkonce.tb.*)
 *(.rel.ctors)
 *(.rel.dtors)
 *(.rel.got)
 *(.rel.dyn)
 .rel.dyn       0x0000000000400030        0x0 build/us_n64/actors/group0.o
 *(.rel.sdata .rel.sdata.* .rel.gnu.linkonce.s.*)
 *(.rel.sbss .rel.sbss.* .rel.gnu.linkonce.sb.*)
 *(.rel.sdata2 .rel.sdata2.* .rel.gnu.linkonce.s2.*)
 *(.rel.sbss2 .rel.sbss2.* .rel.gnu.linkonce.sb2.*)
 *(.rel.bss .rel.bss.* .rel.gnu.linkonce.b.*)
                [!provide]                        PROVIDE (__rel_iplt_start = .)
 *(.rel.iplt)
                [!provide]                        PROVIDE (__rel_iplt_end = .)

.rela.dyn       0x0000000000400030        0x0
 *(.rela.init)
 *(.rela.text .rela.text.* .rela.gnu.linkonce.t.*)
 *(.rela.fini)
 *(.rela.rodata .rela.rodata.* .rela.gnu.linkonce.r.*)
 *(.rela.data .rela.data.* .rela.gnu.linkonce.d.*)
 *(.rela.tdata .rela.tdata.* .rela.gnu.linkonce.td.*)
 *(.rela.tbss .rela.tbss.* .rela.gnu.linkonce.tb.*)
 *(.rela.ctors)
 *(.rela.dtors)
 *(.rela.got)
 *(.rela.sdata .rela.sdata.* .rela.gnu.linkonce.s.*)
 *(.rela.sbss .rela.sbss.* .rela.gnu.linkonce.sb.*)
 *(.rela.sdata2 .rela.sdata2.* .rela.gnu.linkonce.s2.*)
 *(.rela.sbss2 .rela.sbss2.* .rela.gnu.linkonce.sb2.*)
 *(.rela.bss .rela.bss.* .rela.gnu.linkonce.b.*)
                [!provide]                        PROVIDE (__rela_iplt_start = .)
 *(.rela.iplt)
                [!provide]                        PROVIDE (__rela_iplt_end = .)

.rel.plt
 *(.rel.plt)

.rela.plt
 *(.rela.plt)

.init
 *(SORT_NONE(.init))

.plt
 *(.plt)

.iplt
 *(.iplt)

.text           0x0000000004000000        0x0
                0x0000000004000000                _ftext = .
 *(.text.unlikely .text.*_unlikely .text.unlikely.*)
 *(.text.exit .text.exit.*)
 *(.text.startup .text.startup.*)
 *(.text.hot .text.hot.*)
 *(.text .stub .text.* .gnu.linkonce.t.*)
 .text          0x0000000004000000        0x0 build/us_n64/actors/group0.o
 *(.gnu.warning)
 *(.mips16.fn.*)
 *(.mips16.call.*)

.fini
 *(SORT_NONE(.fini))
                [!provide]                        PROVIDE (__etext = .)
                [!provide]                        PROVIDE (_etext = .)
                [!provide]                        PROVIDE (etext = .)

.rodata
 *(.rodata .rodata.* .gnu.linkonce.r.*)

.rodata1
 *(.rodata1)

.sdata2
 *(.sdata2 .sdata2.* .gnu.linkonce.s2.*)

.sbss2
 *(.sbss2 .sbss2.* .gnu.linkonce.sb2.*)

.eh_frame_hdr
 *(.eh_frame_hdr)
 *(.eh_frame_entry .eh_frame_entry.*)

.eh_frame
 *(.eh_frame)
 *(.eh_frame.*)

.gcc_except_table
 *(.gcc_except_table .gcc_except_table.*)

.gnu_extab
 *(.gnu_extab*)

.exception_ranges
 *(.exception_ranges .exception_ranges*)
                0x0000000004000000                . = DATA_SEGMENT_ALIGN (CONSTANT (MAXPAGESIZE), CONSTANT (COMMONPAGESIZE))

.eh_frame
 *(.eh_frame)
 *(.eh_frame.*)

.gnu_extab
 *(.gnu_extab)

.gcc_except_table
 *(.gcc_except_table .gcc_except_table.*)

.exception_ranges
 *(.exception_ranges .exception_ranges*)

.tdata
 *(.tdata .tdata.* .gnu.linkonce.td.*)

.tbss
 *(.tbss .tbss.* .gnu.linkonce.tb.*)
 *(.tcommon)

.preinit_array  0x0000000004000000        0x0
                [!provide]                        PROVIDE (__preinit_array_start = .)
 *(.preinit_array)
                [!provide]                        PROVIDE (__preinit_array_end = .)

.init_array     0x0000000004000000        0x0
                [!provide]                        PROVIDE (__init_array_start = .)
 *(SORT_BY_INIT_PRIORITY(.init_array.*) SORT_BY_INIT_PRIORITY(.ctors.*))
 *(.init_array EXCLUDE_FILE(*crtend?.o *crtend.o *crtbegin?.o *crtbegin.o) .ctors)
                [!provide]                        PROVIDE (__init_array_end = .)

.fini_array     0x0000000004000000        0x0
                [!provide]                        PROVIDE (__fini_array_start = .)
 *(SORT_BY_INIT_PRIORITY(.fini_array.*) SORT_BY_INIT_PRIORITY(.dtors.*))
 *(.fini_array EXCLUDE_FILE(*crtend?.o *crtend.o *crtbegin?.o *crtbegin.o) .dtors)
                [!provide]                        PROVIDE (__fini_array_end = .)

.ctors
 *crtbegin.o(.ctors)
 *crtbegin?.o(.ctors)
 *(EXCLUDE_FILE(*crtend?.o *crtend.o) .ctors)
 *(SORT_BY_NAME(.ctors.*))
 *(.ctors)

.dtors
 *crtbegin.o(.dtors)
 *crtbegin?.o(.dtors)
 *(EXCLUDE_FILE(*crtend?.o *crtend.o) .dtors)
 *(SORT_BY_NAME(.dtors.*))
 *(.dtors)

.jcr
 *(.jcr)

.data.rel.ro
 *(.data.rel.ro.local* .gnu.linkonce.d.rel.ro.local.*)
 *(.data.rel.ro .data.rel.ro.* .gnu.linkonce.d.rel.ro.*)
                0x0000000004000000                . = DATA_SEGMENT_RELRO_END (., 0x0)

.data           0x0000000004000000    0x2f9b0
                0x0000000004000000                _fdata = .
 *(.data .data.* .gnu.linkonce.d.*)
 .data          0x0000000004000000    0x2f9b0 build/us_n64/actors/group0.o
                0x0000000004000000                sparkles_animation_seg4_dl_04035360
                0x0000000004000018                sparkles_animation_seg4_dl_04035348
                0x0000000004000030                sparkles_animation_seg4_dl_04035330
                0x0000000004000048                sparkles_animation_seg4_dl_04035318
                0x0000000004000060                sparkles_animation_seg4_dl_04035300
                0x0000000004000078                sparkles_animation_seg4_dl_04035288
                0x0000000004002930                white_particle_small_unused_dl
                0x0000000004002948                white_particle_small_dl
                0x0000000004002960                white_particle_small_dl_end
                0x0000000004002990                white_particle_small_dl_begin
                0x0000000004002c70                water_splash_seg4_dl_040326E8
                0x0000000004002c88                water_splash_seg4_dl_040326D0
                0x0000000004002ca0                water_splash_seg4_dl_040326B8
                0x0000000004002cb8                water_splash_seg4_dl_040326A0
                0x0000000004002cd0                water_splash_seg4_dl_04032688
                0x0000000004002ce8                water_splash_seg4_dl_04032670
                0x0000000004002d00                water_splash_seg4_dl_04032658
                0x0000000004002d18                water_splash_seg4_dl_04032640
                0x0000000004002d30                water_splash_seg4_dl_040325C8
                0x000000000400ade8                sparkles_seg4_dl_0402A570
                0x000000000400ae00                sparkles_seg4_dl_0402A558
                0x000000000400ae18                sparkles_seg4_dl_0402A540
                0x000000000400ae30                sparkles_seg4_dl_0402A528
                0x000000000400ae48                sparkles_seg4_dl_0402A510
                0x000000000400ae60                sparkles_seg4_dl_0402A4F8
                0x000000000400ae78                sparkles_seg4_dl_0402A490
                0x000000000400df20                water_wave_seg4_dl_04027438
                0x000000000400df38                water_wave_seg4_dl_04027420
                0x000000000400df50                water_wave_seg4_dl_04027408
                0x000000000400df68                water_wave_seg4_dl_040273F0
                0x000000000400df80                water_wave_seg4_dl_040273D8
                0x000000000400df98                water_wave_seg4_dl_040273A0
                0x000000000400dfc8                water_wave_seg4_dl_04027358
                0x0000000004010050                small_water_splash_seg4_dl_5
                0x0000000004010068                small_water_splash_seg4_dl_4
                0x0000000004010080                small_water_splash_seg4_dl_3
                0x0000000004010098                small_water_splash_seg4_dl_2
                0x00000000040100b0                small_water_splash_seg4_dl_1
                0x00000000040100c8                small_water_splash_seg4_dl_0
                0x00000000040100e0                small_water_splash_seg4_sub_dl_model
                0x00000000040100f8                small_water_splash_seg4_sub_dl_end
                0x0000000004010128                small_water_splash_seg4_sub_dl_start
                0x00000000040131b0                burn_smoke_seg4_dl
                0x0000000004013208                burn_smoke_seg4_sub_dl_end
                0x0000000004013230                burn_smoke_seg4_sub_dl_model
                0x0000000004013248                burn_smoke_seg4_sub_dl_begin
                0x0000000004013ab0                smoke_seg4_dl_040217A8
                0x0000000004013ac8                smoke_seg4_dl_04021790
                0x0000000004013ae0                smoke_seg4_dl_04021778
                0x0000000004013af8                smoke_seg4_dl_04021760
                0x0000000004013b10                smoke_seg4_dl_04021748
                0x0000000004013b28                smoke_seg4_dl_04021730
                0x0000000004013b40                smoke_seg4_dl_04021718
                0x0000000004013b58                smoke_seg4_dl_040216A0
                0x0000000004017410                bubble_seg4_dl_0401DDE0
                0x0000000004017490                bubble_seg4_dl_0401DD60
                0x0000000004018550                mario_000_displaylist_005_mesh_layer_1_mat_override_metal_0
                0x0000000004018648                mario_000_displaylist_005_mesh_layer_1
                0x0000000004018758                mario_000_offset_013_mesh_layer_1_mat_override_metal_0
                0x0000000004018808                mario_000_offset_013_mesh_layer_1
                0x00000000040188a8                mario_000_offset_012_mesh_layer_1_mat_override_metal_0
                0x0000000004018978                mario_000_offset_012_mesh_layer_1
                0x0000000004018a68                mario_000_offset_011_mesh_layer_1_mat_override_metal_0
                0x0000000004018b20                mario_000_offset_011_mesh_layer_1
                0x0000000004018c30                mario_000_offset_010_mesh_layer_1_mat_override_metal_0
                0x0000000004018ce0                mario_000_offset_010_mesh_layer_1
                0x0000000004018d80                mario_000_offset_009_mesh_layer_1_mat_override_metal_0
                0x0000000004018e50                mario_000_offset_009_mesh_layer_1
                0x0000000004018f40                mario_005_switch_option_001_displaylist_right_hand_cap_wings_mesh_layer_4_mat_override_metal_0
                0x0000000004019070                mario_005_switch_option_001_displaylist_right_hand_cap_wings_mesh_layer_4
                0x0000000004019130                mario_005_switch_option_001_offset_right_hand_wing_cap_mesh_layer_1_mat_override_metal_0
                0x0000000004019538                mario_005_switch_option_001_offset_right_hand_wing_cap_mesh_layer_1
                0x00000000040199f8                mario_005_switch_option_001_offset_right_hand_cap_mesh_layer_1_mat_override_metal_0
                0x0000000004019e00                mario_005_switch_option_001_offset_right_hand_cap_mesh_layer_1
                0x000000000401a2c0                mario_004_switch_option_001_offset_right_hand_victory_mesh_layer_1_mat_override_metal_0
                0x000000000401a578                mario_004_switch_option_001_offset_right_hand_victory_mesh_layer_1
                0x000000000401a808                mario_000_switch_option_001_offset_right_hand_open_mesh_layer_1_mat_override_metal_0
                0x000000000401aac0                mario_000_switch_option_001_offset_right_hand_open_mesh_layer_1
                0x000000000401ad50                mario_000_displaylist_right_hand_closed_mesh_layer_1_mat_override_metal_0
                0x000000000401aff8                mario_000_displaylist_right_hand_closed_mesh_layer_1
                0x000000000401b278                mario_000_offset_007_mesh_layer_1_mat_override_metal_0
                0x000000000401b390                mario_000_offset_007_mesh_layer_1
                0x000000000401b4c8                mario_000_offset_006_mesh_layer_1_mat_override_metal_0
                0x000000000401b598                mario_000_offset_006_mesh_layer_1
                0x000000000401b688                mario_000_switch_option_001_offset_left_hand_open_mesh_layer_1_mat_override_metal_0
                0x000000000401b940                mario_000_switch_option_001_offset_left_hand_open_mesh_layer_1
                0x000000000401bbd0                mario_000_displaylist_left_hand_closed_mesh_layer_1_mat_override_metal_0
                0x000000000401be78                mario_000_displaylist_left_hand_closed_mesh_layer_1
                0x000000000401c0f8                mario_000_offset_004_mesh_layer_1_mat_override_metal_0
                0x000000000401c210                mario_000_offset_004_mesh_layer_1
                0x000000000401c348                mario_000_offset_003_mesh_layer_1_mat_override_metal_0
                0x000000000401c418                mario_000_offset_003_mesh_layer_1
                0x000000000401c500                mario_000_displaylist_002_mesh_layer_4_mat_override_metal_0
                0x000000000401c5f8                mario_000_displaylist_002_mesh_layer_4
                0x000000000401c678                mario_000_displaylist_001_mesh_layer_4_mat_override_metal_0
                0x000000000401c778                mario_000_displaylist_001_mesh_layer_4
                0x000000000401c828                mario_002_switch_option_000_displaylist_head_cap_off_mesh_layer_1_mat_override_face_dead_7
                0x000000000401ced8                mario_002_switch_option_000_displaylist_head_cap_off_mesh_layer_1_mat_override_face_frown_6
                0x000000000401d588                mario_002_switch_option_000_displaylist_head_cap_off_mesh_layer_1_mat_override_face_smile_5
                0x000000000401dc38                mario_002_switch_option_000_displaylist_head_cap_off_mesh_layer_1_mat_override_face_panting_4
                0x000000000401e2e8                mario_002_switch_option_000_displaylist_head_cap_off_mesh_layer_1_mat_override_face_hurt_3
                0x000000000401e998                mario_002_switch_option_000_displaylist_head_cap_off_mesh_layer_1_mat_override_face_eyes_closed_2
                0x000000000401f048                mario_002_switch_option_000_displaylist_head_cap_off_mesh_layer_1_mat_override_face_eyes_half_closed_1
                0x000000000401f6f8                mario_002_switch_option_000_displaylist_head_cap_off_mesh_layer_1_mat_override_metal_0
                0x000000000401fce0                mario_002_switch_option_000_displaylist_head_cap_off_mesh_layer_1
                0x0000000004020390                mario_000_displaylist_head_cap_on_mesh_layer_1_mat_override_face_dead_7
                0x0000000004020b10                mario_000_displaylist_head_cap_on_mesh_layer_1_mat_override_face_frown_6
                0x0000000004021290                mario_000_displaylist_head_cap_on_mesh_layer_1_mat_override_face_smile_5
                0x0000000004021a10                mario_000_displaylist_head_cap_on_mesh_layer_1_mat_override_face_panting_4
                0x0000000004022190                mario_000_displaylist_head_cap_on_mesh_layer_1_mat_override_face_hurt_3
                0x0000000004022910                mario_000_displaylist_head_cap_on_mesh_layer_1_mat_override_face_eyes_closed_2
                0x0000000004023090                mario_000_displaylist_head_cap_on_mesh_layer_1_mat_override_face_eyes_half_closed_1
                0x0000000004023810                mario_000_displaylist_head_cap_on_mesh_layer_1_mat_override_metal_0
                0x0000000004023df0                mario_000_displaylist_head_cap_on_mesh_layer_1
                0x0000000004024570                mario_000_offset_001_mesh_layer_1_mat_override_metal_0
                0x0000000004024700                mario_000_offset_001_mesh_layer_1
                0x0000000004024928                mario_000_offset_mesh_layer_1_mat_override_metal_0
                0x0000000004024aa8                mario_000_offset_mesh_layer_1
                0x0000000004024c08                mario_000_displaylist_005_mesh_layer_1_vtx_0
                0x0000000004024d98                mario_000_offset_013_mesh_layer_1_vtx_0
                0x0000000004024ea8                mario_000_offset_012_mesh_layer_1_vtx_0
                0x0000000004024fe8                mario_000_offset_011_mesh_layer_1_vtx_0
                0x0000000004025178                mario_000_offset_010_mesh_layer_1_vtx_0
                0x0000000004025288                mario_000_offset_009_mesh_layer_1_vtx_0
                0x00000000040253c8                mario_005_switch_option_001_displaylist_right_hand_cap_wings_mesh_layer_4_vtx_1
                0x0000000004025448                mario_005_switch_option_001_displaylist_right_hand_cap_wings_mesh_layer_4_vtx_0
                0x00000000040254c8                mario_005_switch_option_001_offset_right_hand_wing_cap_mesh_layer_1_vtx_3
                0x0000000004025538                mario_005_switch_option_001_offset_right_hand_wing_cap_mesh_layer_1_vtx_2
                0x0000000004025618                mario_005_switch_option_001_offset_right_hand_wing_cap_mesh_layer_1_vtx_1
                0x0000000004025978                mario_005_switch_option_001_offset_right_hand_wing_cap_mesh_layer_1_vtx_0
                0x0000000004025ec8                mario_005_switch_option_001_offset_right_hand_cap_mesh_layer_1_vtx_3
                0x0000000004025f38                mario_005_switch_option_001_offset_right_hand_cap_mesh_layer_1_vtx_2
                0x0000000004026018                mario_005_switch_option_001_offset_right_hand_cap_mesh_layer_1_vtx_1
                0x0000000004026378                mario_005_switch_option_001_offset_right_hand_cap_mesh_layer_1_vtx_0
                0x00000000040268c8                mario_004_switch_option_001_offset_right_hand_victory_mesh_layer_1_vtx_0
                0x0000000004026e48                mario_000_switch_option_001_offset_right_hand_open_mesh_layer_1_vtx_0
                0x00000000040273f8                mario_000_displaylist_right_hand_closed_mesh_layer_1_vtx_0
                0x0000000004027948                mario_000_offset_007_mesh_layer_1_vtx_1
                0x0000000004027a78                mario_000_offset_007_mesh_layer_1_vtx_0
                0x0000000004027b68                mario_000_offset_006_mesh_layer_1_vtx_0
                0x0000000004027ca8                mario_000_switch_option_001_offset_left_hand_open_mesh_layer_1_vtx_0
                0x0000000004028218                mario_000_displaylist_left_hand_closed_mesh_layer_1_vtx_0
                0x0000000004028768                mario_000_offset_004_mesh_layer_1_vtx_1
                0x0000000004028898                mario_000_offset_004_mesh_layer_1_vtx_0
                0x0000000004028988                mario_000_offset_003_mesh_layer_1_vtx_0
                0x0000000004028ac8                mario_000_displaylist_002_mesh_layer_4_vtx_1
                0x0000000004028b08                mario_000_displaylist_002_mesh_layer_4_vtx_0
                0x0000000004028b48                mario_000_displaylist_001_mesh_layer_4_vtx_1
                0x0000000004028b88                mario_000_displaylist_001_mesh_layer_4_vtx_0
                0x0000000004028bc8                mario_002_switch_option_000_displaylist_head_cap_off_mesh_layer_1_vtx_3
                0x0000000004028ed8                mario_002_switch_option_000_displaylist_head_cap_off_mesh_layer_1_vtx_2
                0x00000000040290a8                mario_002_switch_option_000_displaylist_head_cap_off_mesh_layer_1_vtx_1
                0x0000000004029578                mario_002_switch_option_000_displaylist_head_cap_off_mesh_layer_1_vtx_0
                0x0000000004029cc8                mario_000_displaylist_head_cap_on_mesh_layer_1_vtx_6
                0x0000000004029d38                mario_000_displaylist_head_cap_on_mesh_layer_1_vtx_5
                0x0000000004029e18                mario_000_displaylist_head_cap_on_mesh_layer_1_vtx_4
                0x000000000402a148                mario_000_displaylist_head_cap_on_mesh_layer_1_vtx_3
                0x000000000402a458                mario_000_displaylist_head_cap_on_mesh_layer_1_vtx_2
                0x000000000402a8f8                mario_000_displaylist_head_cap_on_mesh_layer_1_vtx_1
                0x000000000402aac8                mario_000_displaylist_head_cap_on_mesh_layer_1_vtx_0
                0x000000000402af98                mario_000_offset_001_mesh_layer_1_vtx_2
                0x000000000402b058                mario_000_offset_001_mesh_layer_1_vtx_1
                0x000000000402b1e8                mario_000_offset_001_mesh_layer_1_vtx_0
                0x000000000402b458                mario_000_offset_mesh_layer_1_vtx_0
                0x000000000402b648                mario_custom_mario_shoe_pal_rgba16
                0x000000000402b658                mario_custom_mario_shoe_pal_rgba16_aligner
                0x000000000402b660                mario_custom_mario_shoe_ci4
                0x000000000402b6a0                mario_custom_mario_shoe_ci4_aligner
                0x000000000402b6a8                mario_mario_wing_ia8
                0x000000000402bea8                mario_mario_wing_ia8_aligner
                0x000000000402beb0                mario_mario_wing_tip_ia8
                0x000000000402c6b0                mario_mario_wing_tip_ia8_aligner
                0x000000000402c6b8                mario_custom_mario_face_dead_pal_rgba16
                0x000000000402c6d0                mario_custom_mario_face_dead_pal_rgba16_aligner
                0x000000000402c6d8                mario_custom_mario_face_dead_ci4
                0x000000000402cad8                mario_custom_mario_face_dead_ci4_aligner
                0x000000000402cae0                mario_custom_mario_face_frown_pal_rgba16
                0x000000000402caf8                mario_custom_mario_face_frown_pal_rgba16_aligner
                0x000000000402cb00                mario_custom_mario_face_frown_ci4
                0x000000000402cf00                mario_custom_mario_face_frown_ci4_aligner
                0x000000000402cf08                mario_custom_mario_face_smile_pal_rgba16
                0x000000000402cf28                mario_custom_mario_face_smile_pal_rgba16_aligner
                0x000000000402cf30                mario_custom_mario_face_smile_ci4
                0x000000000402d330                mario_custom_mario_face_smile_ci4_aligner
                0x000000000402d338                mario_custom_mario_face_panting_pal_rgba16
                0x000000000402d358                mario_custom_mario_face_panting_pal_rgba16_aligner
                0x000000000402d360                mario_custom_mario_face_panting_ci4
                0x000000000402d760                mario_custom_mario_face_panting_ci4_aligner
                0x000000000402d768                mario_custom_mario_face_hurt_pal_rgba16
                0x000000000402d780                mario_custom_mario_face_hurt_pal_rgba16_aligner
                0x000000000402d788                mario_custom_mario_face_hurt_ci4
                0x000000000402db88                mario_custom_mario_face_hurt_ci4_aligner
                0x000000000402db90                mario_custom_mario_face_eyes_closed_pal_rgba16
                0x000000000402dba0                mario_custom_mario_face_eyes_closed_pal_rgba16_aligner
                0x000000000402dba8                mario_custom_mario_face_eyes_closed_ci4
                0x000000000402dfa8                mario_custom_mario_face_eyes_closed_ci4_aligner
                0x000000000402dfb0                mario_custom_mario_face_eyes_half_pal_rgba16
                0x000000000402dfc8                mario_custom_mario_face_eyes_half_pal_rgba16_aligner
                0x000000000402dfd0                mario_custom_mario_face_eyes_half_ci4
                0x000000000402e3d0                mario_custom_mario_face_eyes_half_ci4_aligner
                0x000000000402e3d8                mario_techguy_logo_pal_rgba16
                0x000000000402e3e8                mario_techguy_logo_pal_rgba16_aligner
                0x000000000402e3f0                mario_techguy_logo_ci4
                0x000000000402e4f0                mario_techguy_logo_ci4_aligner
                0x000000000402e4f8                mario_custom_mario_face_eyes_open_pal_rgba16
                0x000000000402e510                mario_custom_mario_face_eyes_open_pal_rgba16_aligner
                0x000000000402e518                mario_custom_mario_face_eyes_open_ci4
                0x000000000402e918                mario_custom_mario_face_eyes_open_ci4_aligner
                0x000000000402e920                mario_mario_overallsbutton_rgba16_pal_rgba16
                0x000000000402e958                mario_mario_overallsbutton_rgba16_pal_rgba16_aligner
                0x000000000402e960                mario_mario_overallsbutton_rgba16_ci8
                0x000000000402f160                mario_mario_overallsbutton_rgba16_ci8_aligner
                0x000000000402f168                mario_mario_metal_pal_rgba16
                0x000000000402f1a0                mario_mario_metal_pal_rgba16_aligner
                0x000000000402f1a8                mario_mario_metal_ci8
                0x000000000402f9a8                mario_mario_metal_ci8_aligner

.data1
 *(.data1)

.got.plt
 *(.got.plt)
                0x000000000402f9b0                . = .
                0x000000000402f9b0                . = .
                0x00000000040379a0                _gp = (ALIGN (0x10) + 0x7ff0)

.got
 *(.got)

.sdata
 *(.sdata .sdata.* .gnu.linkonce.s.*)

.lit8
 *(.lit8)

.lit4
 *(.lit4)
                0x000000000402f9b0                _edata = .
                [!provide]                        PROVIDE (edata = .)
                0x000000000402f9b0                . = .
                0x000000000402f9b0                __bss_start = .
                0x000000000402f9b0                _fbss = .

.sbss
 *(.dynsbss)
 *(.sbss .sbss.* .gnu.linkonce.sb.*)
 *(.scommon)

.bss            0x000000000402f9b0        0x0
 *(.dynbss)
 *(.bss .bss.* .gnu.linkonce.b.*)
 .bss           0x000000000402f9b0        0x0 build/us_n64/actors/group0.o
 *(COMMON)
                0x000000000402f9b0                . = ALIGN ((. != 0x0)?0x4:0x1)
                0x000000000402f9b0                . = ALIGN (0x4)
                0x000000000402f9b0                . = SEGMENT_START ("ldata-segment", .)
                0x000000000402f9b0                . = ALIGN (0x4)
                0x000000000402f9b0                _end = .
                [!provide]                        PROVIDE (end = .)
                0x000000000402f9b0                . = DATA_SEGMENT_END (.)

.stab
 *(.stab)

.stabstr
 *(.stabstr)

.stab.excl
 *(.stab.excl)

.stab.exclstr
 *(.stab.exclstr)

.stab.index
 *(.stab.index)

.stab.indexstr
 *(.stab.indexstr)

.comment        0x0000000000000000       0x25
 *(.comment)
 .comment       0x0000000000000000       0x25 build/us_n64/actors/group0.o
                                         0x26 (size before relaxing)

.pdr            0x0000000000000000        0x0
 .pdr           0x0000000000000000        0x0 build/us_n64/actors/group0.o

.debug
 *(.debug)

.line
 *(.line)

.debug_srcinfo
 *(.debug_srcinfo)

.debug_sfnames
 *(.debug_sfnames)

.debug_aranges
 *(.debug_aranges)

.debug_pubnames
 *(.debug_pubnames)

.debug_info
 *(.debug_info .gnu.linkonce.wi.*)

.debug_abbrev
 *(.debug_abbrev)

.debug_line
 *(.debug_line .debug_line.* .debug_line_end)

.debug_frame
 *(.debug_frame)

.debug_str
 *(.debug_str)

.debug_loc
 *(.debug_loc)

.debug_macinfo
 *(.debug_macinfo)

.debug_weaknames
 *(.debug_weaknames)

.debug_funcnames
 *(.debug_funcnames)

.debug_typenames
 *(.debug_typenames)

.debug_varnames
 *(.debug_varnames)

.debug_pubtypes
 *(.debug_pubtypes)

.debug_ranges
 *(.debug_ranges)

.debug_macro
 *(.debug_macro)

.debug_addr
 *(.debug_addr)

.gnu.attributes
                0x0000000000000000       0x10
 *(.gnu.attributes)
 .gnu.attributes
                0x0000000000000000       0x10 build/us_n64/actors/group0.o

.gptab.sdata
 *(.gptab.data)
 *(.gptab.sdata)

.gptab.sbss
 *(.gptab.bss)
 *(.gptab.sbss)

.mdebug.abi32   0x0000000000000000        0x0
 *(.mdebug.abi32)
 .mdebug.abi32  0x0000000000000000        0x0 build/us_n64/actors/group0.o

.mdebug.abiN32
 *(.mdebug.abiN32)

.mdebug.abi64
 *(.mdebug.abi64)

.mdebug.abiO64
 *(.mdebug.abiO64)

.mdebug.eabi32
 *(.mdebug.eabi32)

.mdebug.eabi64
 *(.mdebug.eabi64)

.gcc_compiled_long32
 *(.gcc_compiled_long32)

.gcc_compiled_long64
 *(.gcc_compiled_long64)

/DISCARD/
 *(.note.GNU-stack)
 *(.gnu_debuglink)
 *(.gnu.lto_*)
OUTPUT(build/us_n64/actors/group0.elf elf32-bigmips)
