
Discarded input sections

 .note.GNU-stack
                0x0000000000000000        0x0 build/us_n64/bin/segment2.o

Memory Configuration

Name             Origin             Length             Attributes
*default*        0x0000000000000000 0xffffffffffffffff

Linker script and memory map

Address of section .text set to 0x2000000
LOAD build/us_n64/bin/segment2.o
                [!provide]                        PROVIDE (__executable_start = SEGMENT_START ("text-segment", 0x400000))
                0x0000000000400000                . = SEGMENT_START ("text-segment", 0x400000)

.interp
 *(.interp)

.MIPS.abiflags  0x0000000000400000       0x18
 *(.MIPS.abiflags)
 .MIPS.abiflags
                0x0000000000400000       0x18 build/us_n64/bin/segment2.o

.reginfo        0x0000000000400018       0x18
 *(.reginfo)
 .reginfo       0x0000000000400018       0x18 build/us_n64/bin/segment2.o

.note.gnu.build-id
 *(.note.gnu.build-id)

.dynamic
 *(.dynamic)

.hash
 *(.hash)

.gnu.hash
 *(.gnu.hash)

.dynsym
 *(.dynsym)

.dynstr
 *(.dynstr)

.gnu.version
 *(.gnu.version)

.gnu.version_d
 *(.gnu.version_d)

.gnu.version_r
 *(.gnu.version_r)

.rel.dyn        0x0000000000400030        0x0
 *(.rel.init)
 *(.rel.text .rel.text.* .rel.gnu.linkonce.t.*)
 *(.rel.fini)
 *(.rel.rodata .rel.rodata.* .rel.gnu.linkonce.r.*)
 *(.rel.data.rel.ro .rel.data.rel.ro.* .rel.gnu.linkonce.d.rel.ro.*)
 *(.rel.data .rel.data.* .rel.gnu.linkonce.d.*)
 *(.rel.tdata .rel.tdata.* .rel.gnu.linkonce.td.*)
 *(.rel.tbss .rel.tbss.* .rel.gnu.linkonce.tb.*)
 *(.rel.ctors)
 *(.rel.dtors)
 *(.rel.got)
 *(.rel.dyn)
 .rel.dyn       0x0000000000400030        0x0 build/us_n64/bin/segment2.o
 *(.rel.sdata .rel.sdata.* .rel.gnu.linkonce.s.*)
 *(.rel.sbss .rel.sbss.* .rel.gnu.linkonce.sb.*)
 *(.rel.sdata2 .rel.sdata2.* .rel.gnu.linkonce.s2.*)
 *(.rel.sbss2 .rel.sbss2.* .rel.gnu.linkonce.sb2.*)
 *(.rel.bss .rel.bss.* .rel.gnu.linkonce.b.*)
                [!provide]                        PROVIDE (__rel_iplt_start = .)
 *(.rel.iplt)
                [!provide]                        PROVIDE (__rel_iplt_end = .)

.rela.dyn       0x0000000000400030        0x0
 *(.rela.init)
 *(.rela.text .rela.text.* .rela.gnu.linkonce.t.*)
 *(.rela.fini)
 *(.rela.rodata .rela.rodata.* .rela.gnu.linkonce.r.*)
 *(.rela.data .rela.data.* .rela.gnu.linkonce.d.*)
 *(.rela.tdata .rela.tdata.* .rela.gnu.linkonce.td.*)
 *(.rela.tbss .rela.tbss.* .rela.gnu.linkonce.tb.*)
 *(.rela.ctors)
 *(.rela.dtors)
 *(.rela.got)
 *(.rela.sdata .rela.sdata.* .rela.gnu.linkonce.s.*)
 *(.rela.sbss .rela.sbss.* .rela.gnu.linkonce.sb.*)
 *(.rela.sdata2 .rela.sdata2.* .rela.gnu.linkonce.s2.*)
 *(.rela.sbss2 .rela.sbss2.* .rela.gnu.linkonce.sb2.*)
 *(.rela.bss .rela.bss.* .rela.gnu.linkonce.b.*)
                [!provide]                        PROVIDE (__rela_iplt_start = .)
 *(.rela.iplt)
                [!provide]                        PROVIDE (__rela_iplt_end = .)

.rel.plt
 *(.rel.plt)

.rela.plt
 *(.rela.plt)

.init
 *(SORT_NONE(.init))

.plt
 *(.plt)

.iplt
 *(.iplt)

.text           0x0000000002000000        0x0
                0x0000000002000000                _ftext = .
 *(.text.unlikely .text.*_unlikely .text.unlikely.*)
 *(.text.exit .text.exit.*)
 *(.text.startup .text.startup.*)
 *(.text.hot .text.hot.*)
 *(.text .stub .text.* .gnu.linkonce.t.*)
 .text          0x0000000002000000        0x0 build/us_n64/bin/segment2.o
 *(.gnu.warning)
 *(.mips16.fn.*)
 *(.mips16.call.*)

.fini
 *(SORT_NONE(.fini))
                [!provide]                        PROVIDE (__etext = .)
                [!provide]                        PROVIDE (_etext = .)
                [!provide]                        PROVIDE (etext = .)

.rodata
 *(.rodata .rodata.* .gnu.linkonce.r.*)

.rodata1
 *(.rodata1)

.sdata2
 *(.sdata2 .sdata2.* .gnu.linkonce.s2.*)

.sbss2
 *(.sbss2 .sbss2.* .gnu.linkonce.sb2.*)

.eh_frame_hdr
 *(.eh_frame_hdr)
 *(.eh_frame_entry .eh_frame_entry.*)

.eh_frame
 *(.eh_frame)
 *(.eh_frame.*)

.gcc_except_table
 *(.gcc_except_table .gcc_except_table.*)

.gnu_extab
 *(.gnu_extab*)

.exception_ranges
 *(.exception_ranges .exception_ranges*)
                0x0000000002000000                . = DATA_SEGMENT_ALIGN (CONSTANT (MAXPAGESIZE), CONSTANT (COMMONPAGESIZE))

.eh_frame
 *(.eh_frame)
 *(.eh_frame.*)

.gnu_extab
 *(.gnu_extab)

.gcc_except_table
 *(.gcc_except_table .gcc_except_table.*)

.exception_ranges
 *(.exception_ranges .exception_ranges*)

.tdata
 *(.tdata .tdata.* .gnu.linkonce.td.*)

.tbss
 *(.tbss .tbss.* .gnu.linkonce.tb.*)
 *(.tcommon)

.preinit_array  0x0000000002000000        0x0
                [!provide]                        PROVIDE (__preinit_array_start = .)
 *(.preinit_array)
                [!provide]                        PROVIDE (__preinit_array_end = .)

.init_array     0x0000000002000000        0x0
                [!provide]                        PROVIDE (__init_array_start = .)
 *(SORT_BY_INIT_PRIORITY(.init_array.*) SORT_BY_INIT_PRIORITY(.ctors.*))
 *(.init_array EXCLUDE_FILE(*crtend?.o *crtend.o *crtbegin?.o *crtbegin.o) .ctors)
                [!provide]                        PROVIDE (__init_array_end = .)

.fini_array     0x0000000002000000        0x0
                [!provide]                        PROVIDE (__fini_array_start = .)
 *(SORT_BY_INIT_PRIORITY(.fini_array.*) SORT_BY_INIT_PRIORITY(.dtors.*))
 *(.fini_array EXCLUDE_FILE(*crtend?.o *crtend.o *crtbegin?.o *crtbegin.o) .dtors)
                [!provide]                        PROVIDE (__fini_array_end = .)

.ctors
 *crtbegin.o(.ctors)
 *crtbegin?.o(.ctors)
 *(EXCLUDE_FILE(*crtend?.o *crtend.o) .ctors)
 *(SORT_BY_NAME(.ctors.*))
 *(.ctors)

.dtors
 *crtbegin.o(.dtors)
 *crtbegin?.o(.dtors)
 *(EXCLUDE_FILE(*crtend?.o *crtend.o) .dtors)
 *(SORT_BY_NAME(.dtors.*))
 *(.dtors)

.jcr
 *(.jcr)

.data.rel.ro
 *(.data.rel.ro.local* .gnu.linkonce.d.rel.ro.local.*)
 *(.data.rel.ro .data.rel.ro.* .gnu.linkonce.d.rel.ro.*)
                0x0000000002000000                . = DATA_SEGMENT_RELRO_END (., 0x0)

.data           0x0000000002000000    0x1c760
                0x0000000002000000                _fdata = .
 *(.data .data.* .gnu.linkonce.d.*)
 .data          0x0000000002000000        0x0 build/us_n64/bin/segment2.o
 .data.seg2_painting_mesh_neighbor_tris
                0x0000000002000000      0x76c build/us_n64/bin/segment2.o
                0x0000000002000000                seg2_painting_mesh_neighbor_tris
 .data.seg2_painting_triangle_mesh
                0x000000000200076c      0x9e4 build/us_n64/bin/segment2.o
                0x000000000200076c                seg2_painting_triangle_mesh
 .data.dl_paintings_draw_ripples
                0x0000000002001150       0x20 build/us_n64/bin/segment2.o
                0x0000000002001150                dl_paintings_draw_ripples
 .data.dl_paintings_env_mapped_end
                0x0000000002001170       0x28 build/us_n64/bin/segment2.o
                0x0000000002001170                dl_paintings_env_mapped_end
 .data.dl_paintings_env_mapped_begin
                0x0000000002001198       0x48 build/us_n64/bin/segment2.o
                0x0000000002001198                dl_paintings_env_mapped_begin
 .data.dl_paintings_rippling_end
                0x00000000020011e0       0x20 build/us_n64/bin/segment2.o
                0x00000000020011e0                dl_paintings_rippling_end
 .data.dl_paintings_rippling_begin
                0x0000000002001200       0x48 build/us_n64/bin/segment2.o
                0x0000000002001200                dl_paintings_rippling_begin
 .data.dl_ia8_up_arrow_end
                0x0000000002001248       0x20 build/us_n64/bin/segment2.o
                0x0000000002001248                dl_ia8_up_arrow_end
 .data.dl_ia8_up_arrow_load_texture_block
                0x0000000002001268       0x58 build/us_n64/bin/segment2.o
                0x0000000002001268                dl_ia8_up_arrow_load_texture_block
 .data.dl_rgba16_unused
                0x00000000020012c0       0x30 build/us_n64/bin/segment2.o
                0x00000000020012c0                dl_rgba16_unused
 .data.dl_ia8_up_arrow_begin
                0x00000000020012f0       0x38 build/us_n64/bin/segment2.o
                0x00000000020012f0                dl_ia8_up_arrow_begin
 .data.texture_ia8_up_arrow
                0x0000000002001328       0x40 build/us_n64/bin/segment2.o
 .data.dl_waterbox_end
                0x0000000002001368       0x28 build/us_n64/bin/segment2.o
                0x0000000002001368                dl_waterbox_end
 .data.dl_waterbox_ia16_begin
                0x0000000002001390       0x40 build/us_n64/bin/segment2.o
                0x0000000002001390                dl_waterbox_ia16_begin
 .data.dl_waterbox_rgba16_begin
                0x00000000020013d0       0x40 build/us_n64/bin/segment2.o
                0x00000000020013d0                dl_waterbox_rgba16_begin
 .data.dl_skybox_end
                0x0000000002001410       0x28 build/us_n64/bin/segment2.o
                0x0000000002001410                dl_skybox_end
 .data.dl_skybox_tile_tex_settings
                0x0000000002001438       0x30 build/us_n64/bin/segment2.o
                0x0000000002001438                dl_skybox_tile_tex_settings
 .data.dl_skybox_begin
                0x0000000002001468       0x30 build/us_n64/bin/segment2.o
                0x0000000002001468                dl_skybox_begin
 .data.dl_transition_draw_filled_region
                0x0000000002001498       0x28 build/us_n64/bin/segment2.o
                0x0000000002001498                dl_transition_draw_filled_region
 .data.dl_screen_transition_end
                0x00000000020014c0       0x28 build/us_n64/bin/segment2.o
                0x00000000020014c0                dl_screen_transition_end
 .data.dl_proj_mtx_fullscreen
                0x00000000020014e8       0x38 build/us_n64/bin/segment2.o
                0x00000000020014e8                dl_proj_mtx_fullscreen
 .data.dl_shadow_end
                0x0000000002001520       0x38 build/us_n64/bin/segment2.o
                0x0000000002001520                dl_shadow_end
 .data.vertex_shadow
                0x0000000002001558       0x40 build/us_n64/bin/segment2.o
 .data.dl_shadow_square
                0x0000000002001598       0x48 build/us_n64/bin/segment2.o
                0x0000000002001598                dl_shadow_square
 .data.dl_shadow_circle
                0x00000000020015e0       0x48 build/us_n64/bin/segment2.o
                0x00000000020015e0                dl_shadow_circle
 .data.dl_shadow_begin
                0x0000000002001628       0x28 build/us_n64/bin/segment2.o
                0x0000000002001628                dl_shadow_begin
 .data.dl_draw_quad_verts_4567
                0x0000000002001650       0x10 build/us_n64/bin/segment2.o
                0x0000000002001650                dl_draw_quad_verts_4567
 .data.dl_draw_quad_verts_0123
                0x0000000002001660       0x10 build/us_n64/bin/segment2.o
                0x0000000002001660                dl_draw_quad_verts_0123
 .data.matrix_fullscreen
                0x0000000002001670       0x40 build/us_n64/bin/segment2.o
 .data.matrix_identity
                0x00000000020016b0       0x40 build/us_n64/bin/segment2.o
 .data.texture_waterbox_lava
                0x00000000020016f0      0x800 build/us_n64/bin/segment2.o
                0x00000000020016f0                texture_waterbox_lava
 .data.texture_waterbox_mist
                0x0000000002001ef0      0x800 build/us_n64/bin/segment2.o
                0x0000000002001ef0                texture_waterbox_mist
 .data.texture_waterbox_unknown_water
                0x00000000020026f0      0x800 build/us_n64/bin/segment2.o
                0x00000000020026f0                texture_waterbox_unknown_water
 .data.texture_waterbox_jrb_water
                0x0000000002002ef0      0x800 build/us_n64/bin/segment2.o
                0x0000000002002ef0                texture_waterbox_jrb_water
 .data.texture_waterbox_water
                0x00000000020036f0      0x800 build/us_n64/bin/segment2.o
                0x00000000020036f0                texture_waterbox_water
 .data.texture_transition_bowser_half
                0x0000000002003ef0      0x800 build/us_n64/bin/segment2.o
                0x0000000002003ef0                texture_transition_bowser_half
 .data.texture_transition_mario
                0x00000000020046f0     0x1000 build/us_n64/bin/segment2.o
                0x00000000020046f0                texture_transition_mario
 .data.texture_transition_circle_half
                0x00000000020056f0      0x800 build/us_n64/bin/segment2.o
                0x00000000020056f0                texture_transition_circle_half
 .data.texture_transition_star_half
                0x0000000002005ef0      0x800 build/us_n64/bin/segment2.o
                0x0000000002005ef0                texture_transition_star_half
 .data.texture_shadow_quarter_square_64
                0x00000000020066f0     0x1000 build/us_n64/bin/segment2.o
 .data.texture_shadow_quarter_circle_64
                0x00000000020076f0     0x1000 build/us_n64/bin/segment2.o
 .data.dl_billboard_num_9
                0x00000000020086f0       0x30 build/us_n64/bin/segment2.o
                0x00000000020086f0                dl_billboard_num_9
 .data.dl_billboard_num_8
                0x0000000002008720       0x30 build/us_n64/bin/segment2.o
                0x0000000002008720                dl_billboard_num_8
 .data.dl_billboard_num_7
                0x0000000002008750       0x30 build/us_n64/bin/segment2.o
                0x0000000002008750                dl_billboard_num_7
 .data.dl_billboard_num_6
                0x0000000002008780       0x30 build/us_n64/bin/segment2.o
                0x0000000002008780                dl_billboard_num_6
 .data.dl_billboard_num_5
                0x00000000020087b0       0x30 build/us_n64/bin/segment2.o
                0x00000000020087b0                dl_billboard_num_5
 .data.dl_billboard_num_4
                0x00000000020087e0       0x30 build/us_n64/bin/segment2.o
                0x00000000020087e0                dl_billboard_num_4
 .data.dl_billboard_num_3
                0x0000000002008810       0x30 build/us_n64/bin/segment2.o
                0x0000000002008810                dl_billboard_num_3
 .data.dl_billboard_num_2
                0x0000000002008840       0x30 build/us_n64/bin/segment2.o
                0x0000000002008840                dl_billboard_num_2
 .data.dl_billboard_num_1
                0x0000000002008870       0x30 build/us_n64/bin/segment2.o
                0x0000000002008870                dl_billboard_num_1
 .data.dl_billboard_num_0
                0x00000000020088a0       0x30 build/us_n64/bin/segment2.o
                0x00000000020088a0                dl_billboard_num_0
 .data.dl_billboard_num_end
                0x00000000020088d0       0x38 build/us_n64/bin/segment2.o
                0x00000000020088d0                dl_billboard_num_end
 .data.dl_billboard_num_begin
                0x0000000002008908       0x48 build/us_n64/bin/segment2.o
                0x0000000002008908                dl_billboard_num_begin
 .data.vertex_billboard_num
                0x0000000002008950       0x40 build/us_n64/bin/segment2.o
 .data.dl_draw_triangle
                0x0000000002008990       0x58 build/us_n64/bin/segment2.o
                0x0000000002008990                dl_draw_triangle
 .data.vertex_triangle
                0x00000000020089e8       0x30 build/us_n64/bin/segment2.o
 .data.dl_ia_text_end
                0x0000000002008a18       0x40 build/us_n64/bin/segment2.o
                0x0000000002008a18                dl_ia_text_end
 .data.dl_ia_text_tex_settings
                0x0000000002008a58       0x40 build/us_n64/bin/segment2.o
                0x0000000002008a58                dl_ia_text_tex_settings
 .data.dl_ia_text_begin
                0x0000000002008a98       0x40 build/us_n64/bin/segment2.o
                0x0000000002008a98                dl_ia_text_begin
 .data.vertex_ia8_char
                0x0000000002008ad8       0x40 build/us_n64/bin/segment2.o
 .data.dl_draw_text_bg_box
                0x0000000002008b18       0x38 build/us_n64/bin/segment2.o
                0x0000000002008b18                dl_draw_text_bg_box
 .data.vertex_text_bg_box
                0x0000000002008b50       0x40 build/us_n64/bin/segment2.o
 .data.dl_shade_screen_end
                0x0000000002008b90       0x28 build/us_n64/bin/segment2.o
                0x0000000002008b90                dl_shade_screen_end
 .data.dl_shade_screen_begin
                0x0000000002008bb8       0x30 build/us_n64/bin/segment2.o
                0x0000000002008bb8                dl_shade_screen_begin
 .data.dl_rgba16_text_end
                0x0000000002008be8       0x40 build/us_n64/bin/segment2.o
                0x0000000002008be8                dl_rgba16_text_end
 .data.dl_rgba16_load_tex_block
                0x0000000002008c28       0x30 build/us_n64/bin/segment2.o
                0x0000000002008c28                dl_rgba16_load_tex_block
 .data.dl_rgba16_text_begin
                0x0000000002008c58       0x38 build/us_n64/bin/segment2.o
                0x0000000002008c58                dl_rgba16_text_begin
 .data.dl_hud_img_end
                0x0000000002008c90       0x38 build/us_n64/bin/segment2.o
                0x0000000002008c90                dl_hud_img_end
 .data.dl_hud_img_load_tex_block
                0x0000000002008cc8       0x30 build/us_n64/bin/segment2.o
                0x0000000002008cc8                dl_hud_img_load_tex_block
 .data.dl_hud_img_begin
                0x0000000002008cf8       0x40 build/us_n64/bin/segment2.o
                0x0000000002008cf8                dl_hud_img_begin
 .data.seg2_act_name_table
                0x0000000002008d38      0x188 build/us_n64/bin/segment2.o
                0x0000000002008d38                seg2_act_name_table
 .data.extra_text_6
                0x0000000002008ec0        0x4 build/us_n64/bin/segment2.o
 .data.extra_text_5
                0x0000000002008ec4        0x4 build/us_n64/bin/segment2.o
 .data.extra_text_4
                0x0000000002008ec8        0x4 build/us_n64/bin/segment2.o
 .data.extra_text_3
                0x0000000002008ecc        0x4 build/us_n64/bin/segment2.o
 .data.extra_text_2
                0x0000000002008ed0        0x4 build/us_n64/bin/segment2.o
 .data.extra_text_1
                0x0000000002008ed4        0x4 build/us_n64/bin/segment2.o
 .data.extra_text_0
                0x0000000002008ed8       0x24 build/us_n64/bin/segment2.o
 .data.act_name_COURSE_RR_6
                0x0000000002008efc       0x1c build/us_n64/bin/segment2.o
 .data.act_name_COURSE_RR_5
                0x0000000002008f18       0x14 build/us_n64/bin/segment2.o
 .data.act_name_COURSE_RR_4
                0x0000000002008f2c       0x18 build/us_n64/bin/segment2.o
 .data.act_name_COURSE_RR_3
                0x0000000002008f44       0x18 build/us_n64/bin/segment2.o
 .data.act_name_COURSE_RR_2
                0x0000000002008f5c       0x1c build/us_n64/bin/segment2.o
 .data.act_name_COURSE_RR_1
                0x0000000002008f78       0x20 build/us_n64/bin/segment2.o
 .data.act_name_COURSE_TTC_6
                0x0000000002008f98       0x18 build/us_n64/bin/segment2.o
 .data.act_name_COURSE_TTC_5
                0x0000000002008fb0       0x1c build/us_n64/bin/segment2.o
 .data.act_name_COURSE_TTC_4
                0x0000000002008fcc       0x14 build/us_n64/bin/segment2.o
 .data.act_name_COURSE_TTC_3
                0x0000000002008fe0        0xc build/us_n64/bin/segment2.o
 .data.act_name_COURSE_TTC_2
                0x0000000002008fec       0x1c build/us_n64/bin/segment2.o
 .data.act_name_COURSE_TTC_1
                0x0000000002009008       0x14 build/us_n64/bin/segment2.o
 .data.act_name_COURSE_THI_6
                0x000000000200901c       0x14 build/us_n64/bin/segment2.o
 .data.act_name_COURSE_THI_5
                0x0000000002009030       0x14 build/us_n64/bin/segment2.o
 .data.act_name_COURSE_THI_4
                0x0000000002009044       0x18 build/us_n64/bin/segment2.o
 .data.act_name_COURSE_THI_3
                0x000000000200905c       0x20 build/us_n64/bin/segment2.o
 .data.act_name_COURSE_THI_2
                0x000000000200907c       0x20 build/us_n64/bin/segment2.o
 .data.act_name_COURSE_THI_1
                0x000000000200909c       0x1c build/us_n64/bin/segment2.o
 .data.act_name_COURSE_TTM_6
                0x00000000020090b8       0x20 build/us_n64/bin/segment2.o
 .data.act_name_COURSE_TTM_5
                0x00000000020090d8       0x20 build/us_n64/bin/segment2.o
 .data.act_name_COURSE_TTM_4
                0x00000000020090f8       0x18 build/us_n64/bin/segment2.o
 .data.act_name_COURSE_TTM_3
                0x0000000002009110       0x1c build/us_n64/bin/segment2.o
 .data.act_name_COURSE_TTM_2
                0x000000000200912c       0x1c build/us_n64/bin/segment2.o
 .data.act_name_COURSE_TTM_1
                0x0000000002009148       0x14 build/us_n64/bin/segment2.o
 .data.act_name_COURSE_WDW_6
                0x000000000200915c       0x20 build/us_n64/bin/segment2.o
 .data.act_name_COURSE_WDW_5
                0x000000000200917c       0x1c build/us_n64/bin/segment2.o
 .data.act_name_COURSE_WDW_4
                0x0000000002009198       0x1c build/us_n64/bin/segment2.o
 .data.act_name_COURSE_WDW_3
                0x00000000020091b4       0x20 build/us_n64/bin/segment2.o
 .data.act_name_COURSE_WDW_2
                0x00000000020091d4       0x10 build/us_n64/bin/segment2.o
 .data.act_name_COURSE_WDW_1
                0x00000000020091e4       0x18 build/us_n64/bin/segment2.o
 .data.act_name_COURSE_SL_6
                0x00000000020091fc       0x10 build/us_n64/bin/segment2.o
 .data.act_name_COURSE_SL_5
                0x000000000200920c       0x20 build/us_n64/bin/segment2.o
 .data.act_name_COURSE_SL_4
                0x000000000200922c       0x20 build/us_n64/bin/segment2.o
 .data.act_name_COURSE_SL_3
                0x000000000200924c       0x14 build/us_n64/bin/segment2.o
 .data.act_name_COURSE_SL_2
                0x0000000002009260       0x18 build/us_n64/bin/segment2.o
 .data.act_name_COURSE_SL_1
                0x0000000002009278       0x14 build/us_n64/bin/segment2.o
 .data.act_name_COURSE_DDD_6
                0x000000000200928c       0x14 build/us_n64/bin/segment2.o
 .data.act_name_COURSE_DDD_5
                0x00000000020092a0       0x18 build/us_n64/bin/segment2.o
 .data.act_name_COURSE_DDD_4
                0x00000000020092b8       0x18 build/us_n64/bin/segment2.o
 .data.act_name_COURSE_DDD_3
                0x00000000020092d0       0x1c build/us_n64/bin/segment2.o
 .data.act_name_COURSE_DDD_2
                0x00000000020092ec       0x18 build/us_n64/bin/segment2.o
 .data.act_name_COURSE_DDD_1
                0x0000000002009304       0x14 build/us_n64/bin/segment2.o
 .data.act_name_COURSE_SSL_6
                0x0000000002009318       0x10 build/us_n64/bin/segment2.o
 .data.act_name_COURSE_SSL_5
                0x0000000002009328       0x1c build/us_n64/bin/segment2.o
 .data.act_name_COURSE_SSL_4
                0x0000000002009344       0x20 build/us_n64/bin/segment2.o
 .data.act_name_COURSE_SSL_3
                0x0000000002009364       0x1c build/us_n64/bin/segment2.o
 .data.act_name_COURSE_SSL_2
                0x0000000002009380       0x1c build/us_n64/bin/segment2.o
 .data.act_name_COURSE_SSL_1
                0x000000000200939c       0x20 build/us_n64/bin/segment2.o
 .data.act_name_COURSE_LLL_6
                0x00000000020093bc       0x20 build/us_n64/bin/segment2.o
 .data.act_name_COURSE_LLL_5
                0x00000000020093dc       0x20 build/us_n64/bin/segment2.o
 .data.act_name_COURSE_LLL_4
                0x00000000020093fc       0x14 build/us_n64/bin/segment2.o
 .data.act_name_COURSE_LLL_3
                0x0000000002009410       0x20 build/us_n64/bin/segment2.o
 .data.act_name_COURSE_LLL_2
                0x0000000002009430       0x14 build/us_n64/bin/segment2.o
 .data.act_name_COURSE_LLL_1
                0x0000000002009444       0x14 build/us_n64/bin/segment2.o
 .data.act_name_COURSE_HMC_6
                0x0000000002009458       0x18 build/us_n64/bin/segment2.o
 .data.act_name_COURSE_HMC_5
                0x0000000002009470       0x1c build/us_n64/bin/segment2.o
 .data.act_name_COURSE_HMC_4
                0x000000000200948c       0x1c build/us_n64/bin/segment2.o
 .data.act_name_COURSE_HMC_3
                0x00000000020094a8       0x1c build/us_n64/bin/segment2.o
 .data.act_name_COURSE_HMC_2
                0x00000000020094c4       0x18 build/us_n64/bin/segment2.o
 .data.act_name_COURSE_HMC_1
                0x00000000020094dc       0x20 build/us_n64/bin/segment2.o
 .data.act_name_COURSE_BBH_6
                0x00000000020094fc       0x20 build/us_n64/bin/segment2.o
 .data.act_name_COURSE_BBH_5
                0x000000000200951c       0x14 build/us_n64/bin/segment2.o
 .data.act_name_COURSE_BBH_4
                0x0000000002009530       0x18 build/us_n64/bin/segment2.o
 .data.act_name_COURSE_BBH_3
                0x0000000002009548       0x1c build/us_n64/bin/segment2.o
 .data.act_name_COURSE_BBH_2
                0x0000000002009564       0x20 build/us_n64/bin/segment2.o
 .data.act_name_COURSE_BBH_1
                0x0000000002009584       0x14 build/us_n64/bin/segment2.o
 .data.act_name_COURSE_CCM_6
                0x0000000002009598       0x18 build/us_n64/bin/segment2.o
 .data.act_name_COURSE_CCM_5
                0x00000000020095b0       0x18 build/us_n64/bin/segment2.o
 .data.act_name_COURSE_CCM_4
                0x00000000020095c8       0x20 build/us_n64/bin/segment2.o
 .data.act_name_COURSE_CCM_3
                0x00000000020095e8       0x14 build/us_n64/bin/segment2.o
 .data.act_name_COURSE_CCM_2
                0x00000000020095fc       0x14 build/us_n64/bin/segment2.o
 .data.act_name_COURSE_CCM_1
                0x0000000002009610       0x14 build/us_n64/bin/segment2.o
 .data.act_name_COURSE_JRB_6
                0x0000000002009624       0x18 build/us_n64/bin/segment2.o
 .data.act_name_COURSE_JRB_5
                0x000000000200963c       0x1c build/us_n64/bin/segment2.o
 .data.act_name_COURSE_JRB_4
                0x0000000002009658       0x20 build/us_n64/bin/segment2.o
 .data.act_name_COURSE_JRB_3
                0x0000000002009678       0x1c build/us_n64/bin/segment2.o
 .data.act_name_COURSE_JRB_2
                0x0000000002009694       0x20 build/us_n64/bin/segment2.o
 .data.act_name_COURSE_JRB_1
                0x00000000020096b4       0x1c build/us_n64/bin/segment2.o
 .data.act_name_COURSE_WF_6
                0x00000000020096d0       0x14 build/us_n64/bin/segment2.o
 .data.act_name_COURSE_WF_5
                0x00000000020096e4       0x1c build/us_n64/bin/segment2.o
 .data.act_name_COURSE_WF_4
                0x0000000002009700       0x20 build/us_n64/bin/segment2.o
 .data.act_name_COURSE_WF_3
                0x0000000002009720       0x1c build/us_n64/bin/segment2.o
 .data.act_name_COURSE_WF_2
                0x000000000200973c       0x1c build/us_n64/bin/segment2.o
 .data.act_name_COURSE_WF_1
                0x0000000002009758       0x18 build/us_n64/bin/segment2.o
 .data.act_name_COURSE_BOB_6
                0x0000000002009770       0x1c build/us_n64/bin/segment2.o
 .data.act_name_COURSE_BOB_5
                0x000000000200978c       0x18 build/us_n64/bin/segment2.o
 .data.act_name_COURSE_BOB_4
                0x00000000020097a4       0x18 build/us_n64/bin/segment2.o
 .data.act_name_COURSE_BOB_3
                0x00000000020097bc       0x20 build/us_n64/bin/segment2.o
 .data.act_name_COURSE_BOB_2
                0x00000000020097dc       0x20 build/us_n64/bin/segment2.o
 .data.act_name_COURSE_BOB_1
                0x00000000020097fc       0x1c build/us_n64/bin/segment2.o
 .data.seg2_course_name_table
                0x0000000002009818       0x6c build/us_n64/bin/segment2.o
                0x0000000002009818                seg2_course_name_table
 .data.seg2_course_name_table_castle_secret_stars
                0x0000000002009884       0x18 build/us_n64/bin/segment2.o
 .data.seg2_course_name_table_COURSE_CAKE_END
                0x000000000200989c        0x4 build/us_n64/bin/segment2.o
 .data.seg2_course_name_table_COURSE_SA
                0x00000000020098a0       0x18 build/us_n64/bin/segment2.o
 .data.seg2_course_name_table_COURSE_WMOTR
                0x00000000020098b8       0x20 build/us_n64/bin/segment2.o
 .data.seg2_course_name_table_COURSE_VCUTM
                0x00000000020098d8       0x20 build/us_n64/bin/segment2.o
 .data.seg2_course_name_table_COURSE_TOTWC
                0x00000000020098f8       0x1c build/us_n64/bin/segment2.o
 .data.seg2_course_name_table_COURSE_COTMC
                0x0000000002009914       0x1c build/us_n64/bin/segment2.o
 .data.seg2_course_name_table_COURSE_PSS
                0x0000000002009930       0x20 build/us_n64/bin/segment2.o
 .data.seg2_course_name_table_COURSE_BITS
                0x0000000002009950       0x18 build/us_n64/bin/segment2.o
 .data.seg2_course_name_table_COURSE_BITFS
                0x0000000002009968       0x1c build/us_n64/bin/segment2.o
 .data.seg2_course_name_table_COURSE_BITDW
                0x0000000002009984       0x1c build/us_n64/bin/segment2.o
 .data.seg2_course_name_table_COURSE_RR
                0x00000000020099a0       0x10 build/us_n64/bin/segment2.o
 .data.seg2_course_name_table_COURSE_TTC
                0x00000000020099b0       0x14 build/us_n64/bin/segment2.o
 .data.seg2_course_name_table_COURSE_THI
                0x00000000020099c4       0x14 build/us_n64/bin/segment2.o
 .data.seg2_course_name_table_COURSE_TTM
                0x00000000020099d8       0x18 build/us_n64/bin/segment2.o
 .data.seg2_course_name_table_COURSE_WDW
                0x00000000020099f0       0x14 build/us_n64/bin/segment2.o
 .data.seg2_course_name_table_COURSE_SL
                0x0000000002009a04       0x14 build/us_n64/bin/segment2.o
 .data.seg2_course_name_table_COURSE_DDD
                0x0000000002009a18       0x14 build/us_n64/bin/segment2.o
 .data.seg2_course_name_table_COURSE_SSL
                0x0000000002009a2c       0x18 build/us_n64/bin/segment2.o
 .data.seg2_course_name_table_COURSE_LLL
                0x0000000002009a44       0x14 build/us_n64/bin/segment2.o
 .data.seg2_course_name_table_COURSE_HMC
                0x0000000002009a58       0x14 build/us_n64/bin/segment2.o
 .data.seg2_course_name_table_COURSE_BBH
                0x0000000002009a6c       0x14 build/us_n64/bin/segment2.o
 .data.seg2_course_name_table_COURSE_CCM
                0x0000000002009a80       0x18 build/us_n64/bin/segment2.o
 .data.seg2_course_name_table_COURSE_JRB
                0x0000000002009a98       0x14 build/us_n64/bin/segment2.o
 .data.seg2_course_name_table_COURSE_WF
                0x0000000002009aac       0x14 build/us_n64/bin/segment2.o
 .data.seg2_course_name_table_COURSE_BOB
                0x0000000002009ac0       0x18 build/us_n64/bin/segment2.o
 .data.seg2_dialog_table
                0x0000000002009ad8      0x2ac build/us_n64/bin/segment2.o
                0x0000000002009ad8                seg2_dialog_table
 .data.dialog_entry_DIALOG_169
                0x0000000002009d84       0x10 build/us_n64/bin/segment2.o
 .data.dialog_entry_DIALOG_168
                0x0000000002009d94       0x10 build/us_n64/bin/segment2.o
 .data.dialog_entry_DIALOG_167
                0x0000000002009da4       0x10 build/us_n64/bin/segment2.o
 .data.dialog_entry_DIALOG_166
                0x0000000002009db4       0x10 build/us_n64/bin/segment2.o
 .data.dialog_entry_DIALOG_165
                0x0000000002009dc4       0x10 build/us_n64/bin/segment2.o
 .data.dialog_entry_DIALOG_164
                0x0000000002009dd4       0x10 build/us_n64/bin/segment2.o
 .data.dialog_entry_DIALOG_163
                0x0000000002009de4       0x10 build/us_n64/bin/segment2.o
 .data.dialog_entry_DIALOG_162
                0x0000000002009df4       0x10 build/us_n64/bin/segment2.o
 .data.dialog_entry_DIALOG_161
                0x0000000002009e04       0x10 build/us_n64/bin/segment2.o
 .data.dialog_entry_DIALOG_160
                0x0000000002009e14       0x10 build/us_n64/bin/segment2.o
 .data.dialog_entry_DIALOG_159
                0x0000000002009e24       0x10 build/us_n64/bin/segment2.o
 .data.dialog_entry_DIALOG_158
                0x0000000002009e34       0x10 build/us_n64/bin/segment2.o
 .data.dialog_entry_DIALOG_157
                0x0000000002009e44       0x10 build/us_n64/bin/segment2.o
 .data.dialog_entry_DIALOG_156
                0x0000000002009e54       0x10 build/us_n64/bin/segment2.o
 .data.dialog_entry_DIALOG_155
                0x0000000002009e64       0x10 build/us_n64/bin/segment2.o
 .data.dialog_entry_DIALOG_154
                0x0000000002009e74       0x10 build/us_n64/bin/segment2.o
 .data.dialog_entry_DIALOG_153
                0x0000000002009e84       0x10 build/us_n64/bin/segment2.o
 .data.dialog_entry_DIALOG_152
                0x0000000002009e94       0x10 build/us_n64/bin/segment2.o
 .data.dialog_entry_DIALOG_151
                0x0000000002009ea4       0x10 build/us_n64/bin/segment2.o
 .data.dialog_entry_DIALOG_150
                0x0000000002009eb4       0x10 build/us_n64/bin/segment2.o
 .data.dialog_entry_DIALOG_149
                0x0000000002009ec4       0x10 build/us_n64/bin/segment2.o
 .data.dialog_entry_DIALOG_148
                0x0000000002009ed4       0x10 build/us_n64/bin/segment2.o
 .data.dialog_entry_DIALOG_147
                0x0000000002009ee4       0x10 build/us_n64/bin/segment2.o
 .data.dialog_entry_DIALOG_146
                0x0000000002009ef4       0x10 build/us_n64/bin/segment2.o
 .data.dialog_entry_DIALOG_145
                0x0000000002009f04       0x10 build/us_n64/bin/segment2.o
 .data.dialog_entry_DIALOG_144
                0x0000000002009f14       0x10 build/us_n64/bin/segment2.o
 .data.dialog_entry_DIALOG_143
                0x0000000002009f24       0x10 build/us_n64/bin/segment2.o
 .data.dialog_entry_DIALOG_142
                0x0000000002009f34       0x10 build/us_n64/bin/segment2.o
 .data.dialog_entry_DIALOG_141
                0x0000000002009f44       0x10 build/us_n64/bin/segment2.o
 .data.dialog_entry_DIALOG_140
                0x0000000002009f54       0x10 build/us_n64/bin/segment2.o
 .data.dialog_entry_DIALOG_139
                0x0000000002009f64       0x10 build/us_n64/bin/segment2.o
 .data.dialog_entry_DIALOG_138
                0x0000000002009f74       0x10 build/us_n64/bin/segment2.o
 .data.dialog_entry_DIALOG_137
                0x0000000002009f84       0x10 build/us_n64/bin/segment2.o
 .data.dialog_entry_DIALOG_136
                0x0000000002009f94       0x10 build/us_n64/bin/segment2.o
 .data.dialog_entry_DIALOG_135
                0x0000000002009fa4       0x10 build/us_n64/bin/segment2.o
 .data.dialog_entry_DIALOG_134
                0x0000000002009fb4       0x10 build/us_n64/bin/segment2.o
 .data.dialog_entry_DIALOG_133
                0x0000000002009fc4       0x10 build/us_n64/bin/segment2.o
 .data.dialog_entry_DIALOG_132
                0x0000000002009fd4       0x10 build/us_n64/bin/segment2.o
 .data.dialog_entry_DIALOG_131
                0x0000000002009fe4       0x10 build/us_n64/bin/segment2.o
 .data.dialog_entry_DIALOG_130
                0x0000000002009ff4       0x10 build/us_n64/bin/segment2.o
 .data.dialog_entry_DIALOG_129
                0x000000000200a004       0x10 build/us_n64/bin/segment2.o
 .data.dialog_entry_DIALOG_128
                0x000000000200a014       0x10 build/us_n64/bin/segment2.o
 .data.dialog_entry_DIALOG_127
                0x000000000200a024       0x10 build/us_n64/bin/segment2.o
 .data.dialog_entry_DIALOG_126
                0x000000000200a034       0x10 build/us_n64/bin/segment2.o
 .data.dialog_entry_DIALOG_125
                0x000000000200a044       0x10 build/us_n64/bin/segment2.o
 .data.dialog_entry_DIALOG_124
                0x000000000200a054       0x10 build/us_n64/bin/segment2.o
 .data.dialog_entry_DIALOG_123
                0x000000000200a064       0x10 build/us_n64/bin/segment2.o
 .data.dialog_entry_DIALOG_122
                0x000000000200a074       0x10 build/us_n64/bin/segment2.o
 .data.dialog_entry_DIALOG_121
                0x000000000200a084       0x10 build/us_n64/bin/segment2.o
 .data.dialog_entry_DIALOG_120
                0x000000000200a094       0x10 build/us_n64/bin/segment2.o
 .data.dialog_entry_DIALOG_119
                0x000000000200a0a4       0x10 build/us_n64/bin/segment2.o
 .data.dialog_entry_DIALOG_118
                0x000000000200a0b4       0x10 build/us_n64/bin/segment2.o
 .data.dialog_entry_DIALOG_117
                0x000000000200a0c4       0x10 build/us_n64/bin/segment2.o
 .data.dialog_entry_DIALOG_116
                0x000000000200a0d4       0x10 build/us_n64/bin/segment2.o
 .data.dialog_entry_DIALOG_115
                0x000000000200a0e4       0x10 build/us_n64/bin/segment2.o
 .data.dialog_entry_DIALOG_114
                0x000000000200a0f4       0x10 build/us_n64/bin/segment2.o
 .data.dialog_entry_DIALOG_113
                0x000000000200a104       0x10 build/us_n64/bin/segment2.o
 .data.dialog_entry_DIALOG_112
                0x000000000200a114       0x10 build/us_n64/bin/segment2.o
 .data.dialog_entry_DIALOG_111
                0x000000000200a124       0x10 build/us_n64/bin/segment2.o
 .data.dialog_entry_DIALOG_110
                0x000000000200a134       0x10 build/us_n64/bin/segment2.o
 .data.dialog_entry_DIALOG_109
                0x000000000200a144       0x10 build/us_n64/bin/segment2.o
 .data.dialog_entry_DIALOG_108
                0x000000000200a154       0x10 build/us_n64/bin/segment2.o
 .data.dialog_entry_DIALOG_107
                0x000000000200a164       0x10 build/us_n64/bin/segment2.o
 .data.dialog_entry_DIALOG_106
                0x000000000200a174       0x10 build/us_n64/bin/segment2.o
 .data.dialog_entry_DIALOG_105
                0x000000000200a184       0x10 build/us_n64/bin/segment2.o
 .data.dialog_entry_DIALOG_104
                0x000000000200a194       0x10 build/us_n64/bin/segment2.o
 .data.dialog_entry_DIALOG_103
                0x000000000200a1a4       0x10 build/us_n64/bin/segment2.o
 .data.dialog_entry_DIALOG_102
                0x000000000200a1b4       0x10 build/us_n64/bin/segment2.o
 .data.dialog_entry_DIALOG_101
                0x000000000200a1c4       0x10 build/us_n64/bin/segment2.o
 .data.dialog_entry_DIALOG_100
                0x000000000200a1d4       0x10 build/us_n64/bin/segment2.o
 .data.dialog_entry_DIALOG_099
                0x000000000200a1e4       0x10 build/us_n64/bin/segment2.o
 .data.dialog_entry_DIALOG_098
                0x000000000200a1f4       0x10 build/us_n64/bin/segment2.o
 .data.dialog_entry_DIALOG_097
                0x000000000200a204       0x10 build/us_n64/bin/segment2.o
 .data.dialog_entry_DIALOG_096
                0x000000000200a214       0x10 build/us_n64/bin/segment2.o
 .data.dialog_entry_DIALOG_095
                0x000000000200a224       0x10 build/us_n64/bin/segment2.o
 .data.dialog_entry_DIALOG_094
                0x000000000200a234       0x10 build/us_n64/bin/segment2.o
 .data.dialog_entry_DIALOG_093
                0x000000000200a244       0x10 build/us_n64/bin/segment2.o
 .data.dialog_entry_DIALOG_092
                0x000000000200a254       0x10 build/us_n64/bin/segment2.o
 .data.dialog_entry_DIALOG_091
                0x000000000200a264       0x10 build/us_n64/bin/segment2.o
 .data.dialog_entry_DIALOG_090
                0x000000000200a274       0x10 build/us_n64/bin/segment2.o
 .data.dialog_entry_DIALOG_089
                0x000000000200a284       0x10 build/us_n64/bin/segment2.o
 .data.dialog_entry_DIALOG_088
                0x000000000200a294       0x10 build/us_n64/bin/segment2.o
 .data.dialog_entry_DIALOG_087
                0x000000000200a2a4       0x10 build/us_n64/bin/segment2.o
 .data.dialog_entry_DIALOG_086
                0x000000000200a2b4       0x10 build/us_n64/bin/segment2.o
 .data.dialog_entry_DIALOG_085
                0x000000000200a2c4       0x10 build/us_n64/bin/segment2.o
 .data.dialog_entry_DIALOG_084
                0x000000000200a2d4       0x10 build/us_n64/bin/segment2.o
 .data.dialog_entry_DIALOG_083
                0x000000000200a2e4       0x10 build/us_n64/bin/segment2.o
 .data.dialog_entry_DIALOG_082
                0x000000000200a2f4       0x10 build/us_n64/bin/segment2.o
 .data.dialog_entry_DIALOG_081
                0x000000000200a304       0x10 build/us_n64/bin/segment2.o
 .data.dialog_entry_DIALOG_080
                0x000000000200a314       0x10 build/us_n64/bin/segment2.o
 .data.dialog_entry_DIALOG_079
                0x000000000200a324       0x10 build/us_n64/bin/segment2.o
 .data.dialog_entry_DIALOG_078
                0x000000000200a334       0x10 build/us_n64/bin/segment2.o
 .data.dialog_entry_DIALOG_077
                0x000000000200a344       0x10 build/us_n64/bin/segment2.o
 .data.dialog_entry_DIALOG_076
                0x000000000200a354       0x10 build/us_n64/bin/segment2.o
 .data.dialog_entry_DIALOG_075
                0x000000000200a364       0x10 build/us_n64/bin/segment2.o
 .data.dialog_entry_DIALOG_074
                0x000000000200a374       0x10 build/us_n64/bin/segment2.o
 .data.dialog_entry_DIALOG_073
                0x000000000200a384       0x10 build/us_n64/bin/segment2.o
 .data.dialog_entry_DIALOG_072
                0x000000000200a394       0x10 build/us_n64/bin/segment2.o
 .data.dialog_entry_DIALOG_071
                0x000000000200a3a4       0x10 build/us_n64/bin/segment2.o
 .data.dialog_entry_DIALOG_070
                0x000000000200a3b4       0x10 build/us_n64/bin/segment2.o
 .data.dialog_entry_DIALOG_069
                0x000000000200a3c4       0x10 build/us_n64/bin/segment2.o
 .data.dialog_entry_DIALOG_068
                0x000000000200a3d4       0x10 build/us_n64/bin/segment2.o
 .data.dialog_entry_DIALOG_067
                0x000000000200a3e4       0x10 build/us_n64/bin/segment2.o
 .data.dialog_entry_DIALOG_066
                0x000000000200a3f4       0x10 build/us_n64/bin/segment2.o
 .data.dialog_entry_DIALOG_065
                0x000000000200a404       0x10 build/us_n64/bin/segment2.o
 .data.dialog_entry_DIALOG_064
                0x000000000200a414       0x10 build/us_n64/bin/segment2.o
 .data.dialog_entry_DIALOG_063
                0x000000000200a424       0x10 build/us_n64/bin/segment2.o
 .data.dialog_entry_DIALOG_062
                0x000000000200a434       0x10 build/us_n64/bin/segment2.o
 .data.dialog_entry_DIALOG_061
                0x000000000200a444       0x10 build/us_n64/bin/segment2.o
 .data.dialog_entry_DIALOG_060
                0x000000000200a454       0x10 build/us_n64/bin/segment2.o
 .data.dialog_entry_DIALOG_059
                0x000000000200a464       0x10 build/us_n64/bin/segment2.o
 .data.dialog_entry_DIALOG_058
                0x000000000200a474       0x10 build/us_n64/bin/segment2.o
 .data.dialog_entry_DIALOG_057
                0x000000000200a484       0x10 build/us_n64/bin/segment2.o
 .data.dialog_entry_DIALOG_056
                0x000000000200a494       0x10 build/us_n64/bin/segment2.o
 .data.dialog_entry_DIALOG_055
                0x000000000200a4a4       0x10 build/us_n64/bin/segment2.o
 .data.dialog_entry_DIALOG_054
                0x000000000200a4b4       0x10 build/us_n64/bin/segment2.o
 .data.dialog_entry_DIALOG_053
                0x000000000200a4c4       0x10 build/us_n64/bin/segment2.o
 .data.dialog_entry_DIALOG_052
                0x000000000200a4d4       0x10 build/us_n64/bin/segment2.o
 .data.dialog_entry_DIALOG_051
                0x000000000200a4e4       0x10 build/us_n64/bin/segment2.o
 .data.dialog_entry_DIALOG_050
                0x000000000200a4f4       0x10 build/us_n64/bin/segment2.o
 .data.dialog_entry_DIALOG_049
                0x000000000200a504       0x10 build/us_n64/bin/segment2.o
 .data.dialog_entry_DIALOG_048
                0x000000000200a514       0x10 build/us_n64/bin/segment2.o
 .data.dialog_entry_DIALOG_047
                0x000000000200a524       0x10 build/us_n64/bin/segment2.o
 .data.dialog_entry_DIALOG_046
                0x000000000200a534       0x10 build/us_n64/bin/segment2.o
 .data.dialog_entry_DIALOG_045
                0x000000000200a544       0x10 build/us_n64/bin/segment2.o
 .data.dialog_entry_DIALOG_044
                0x000000000200a554       0x10 build/us_n64/bin/segment2.o
 .data.dialog_entry_DIALOG_043
                0x000000000200a564       0x10 build/us_n64/bin/segment2.o
 .data.dialog_entry_DIALOG_042
                0x000000000200a574       0x10 build/us_n64/bin/segment2.o
 .data.dialog_entry_DIALOG_041
                0x000000000200a584       0x10 build/us_n64/bin/segment2.o
 .data.dialog_entry_DIALOG_040
                0x000000000200a594       0x10 build/us_n64/bin/segment2.o
 .data.dialog_entry_DIALOG_039
                0x000000000200a5a4       0x10 build/us_n64/bin/segment2.o
 .data.dialog_entry_DIALOG_038
                0x000000000200a5b4       0x10 build/us_n64/bin/segment2.o
 .data.dialog_entry_DIALOG_037
                0x000000000200a5c4       0x10 build/us_n64/bin/segment2.o
 .data.dialog_entry_DIALOG_036
                0x000000000200a5d4       0x10 build/us_n64/bin/segment2.o
 .data.dialog_entry_DIALOG_035
                0x000000000200a5e4       0x10 build/us_n64/bin/segment2.o
 .data.dialog_entry_DIALOG_034
                0x000000000200a5f4       0x10 build/us_n64/bin/segment2.o
 .data.dialog_entry_DIALOG_033
                0x000000000200a604       0x10 build/us_n64/bin/segment2.o
 .data.dialog_entry_DIALOG_032
                0x000000000200a614       0x10 build/us_n64/bin/segment2.o
 .data.dialog_entry_DIALOG_031
                0x000000000200a624       0x10 build/us_n64/bin/segment2.o
 .data.dialog_entry_DIALOG_030
                0x000000000200a634       0x10 build/us_n64/bin/segment2.o
 .data.dialog_entry_DIALOG_029
                0x000000000200a644       0x10 build/us_n64/bin/segment2.o
 .data.dialog_entry_DIALOG_028
                0x000000000200a654       0x10 build/us_n64/bin/segment2.o
 .data.dialog_entry_DIALOG_027
                0x000000000200a664       0x10 build/us_n64/bin/segment2.o
 .data.dialog_entry_DIALOG_026
                0x000000000200a674       0x10 build/us_n64/bin/segment2.o
 .data.dialog_entry_DIALOG_025
                0x000000000200a684       0x10 build/us_n64/bin/segment2.o
 .data.dialog_entry_DIALOG_024
                0x000000000200a694       0x10 build/us_n64/bin/segment2.o
 .data.dialog_entry_DIALOG_023
                0x000000000200a6a4       0x10 build/us_n64/bin/segment2.o
 .data.dialog_entry_DIALOG_022
                0x000000000200a6b4       0x10 build/us_n64/bin/segment2.o
 .data.dialog_entry_DIALOG_021
                0x000000000200a6c4       0x10 build/us_n64/bin/segment2.o
 .data.dialog_entry_DIALOG_020
                0x000000000200a6d4       0x10 build/us_n64/bin/segment2.o
 .data.dialog_entry_DIALOG_019
                0x000000000200a6e4       0x10 build/us_n64/bin/segment2.o
 .data.dialog_entry_DIALOG_018
                0x000000000200a6f4       0x10 build/us_n64/bin/segment2.o
 .data.dialog_entry_DIALOG_017
                0x000000000200a704       0x10 build/us_n64/bin/segment2.o
 .data.dialog_entry_DIALOG_016
                0x000000000200a714       0x10 build/us_n64/bin/segment2.o
 .data.dialog_entry_DIALOG_015
                0x000000000200a724       0x10 build/us_n64/bin/segment2.o
 .data.dialog_entry_DIALOG_014
                0x000000000200a734       0x10 build/us_n64/bin/segment2.o
 .data.dialog_entry_DIALOG_013
                0x000000000200a744       0x10 build/us_n64/bin/segment2.o
 .data.dialog_entry_DIALOG_012
                0x000000000200a754       0x10 build/us_n64/bin/segment2.o
 .data.dialog_entry_DIALOG_011
                0x000000000200a764       0x10 build/us_n64/bin/segment2.o
 .data.dialog_entry_DIALOG_010
                0x000000000200a774       0x10 build/us_n64/bin/segment2.o
 .data.dialog_entry_DIALOG_009
                0x000000000200a784       0x10 build/us_n64/bin/segment2.o
 .data.dialog_entry_DIALOG_008
                0x000000000200a794       0x10 build/us_n64/bin/segment2.o
 .data.dialog_entry_DIALOG_007
                0x000000000200a7a4       0x10 build/us_n64/bin/segment2.o
 .data.dialog_entry_DIALOG_006
                0x000000000200a7b4       0x10 build/us_n64/bin/segment2.o
 .data.dialog_entry_DIALOG_005
                0x000000000200a7c4       0x10 build/us_n64/bin/segment2.o
 .data.dialog_entry_DIALOG_004
                0x000000000200a7d4       0x10 build/us_n64/bin/segment2.o
 .data.dialog_entry_DIALOG_003
                0x000000000200a7e4       0x10 build/us_n64/bin/segment2.o
 .data.dialog_entry_DIALOG_002
                0x000000000200a7f4       0x10 build/us_n64/bin/segment2.o
 .data.dialog_entry_DIALOG_001
                0x000000000200a804       0x10 build/us_n64/bin/segment2.o
 .data.dialog_entry_DIALOG_000
                0x000000000200a814       0x10 build/us_n64/bin/segment2.o
 .data.dialog_text_DIALOG_169
                0x000000000200a824       0x6c build/us_n64/bin/segment2.o
 .data.dialog_text_DIALOG_168
                0x000000000200a890       0x64 build/us_n64/bin/segment2.o
 .data.dialog_text_DIALOG_167
                0x000000000200a8f4       0xac build/us_n64/bin/segment2.o
 .data.dialog_text_DIALOG_166
                0x000000000200a9a0       0x50 build/us_n64/bin/segment2.o
 .data.dialog_text_DIALOG_165
                0x000000000200a9f0       0x68 build/us_n64/bin/segment2.o
 .data.dialog_text_DIALOG_164
                0x000000000200aa58       0xd0 build/us_n64/bin/segment2.o
 .data.dialog_text_DIALOG_163
                0x000000000200ab28      0x19c build/us_n64/bin/segment2.o
 .data.dialog_text_DIALOG_162
                0x000000000200acc4       0xf4 build/us_n64/bin/segment2.o
 .data.dialog_text_DIALOG_161
                0x000000000200adb8      0x214 build/us_n64/bin/segment2.o
 .data.dialog_text_DIALOG_160
                0x000000000200afcc       0x5c build/us_n64/bin/segment2.o
 .data.dialog_text_DIALOG_159
                0x000000000200b028       0x80 build/us_n64/bin/segment2.o
 .data.dialog_text_DIALOG_158
                0x000000000200b0a8      0x104 build/us_n64/bin/segment2.o
 .data.dialog_text_DIALOG_157
                0x000000000200b1ac       0xbc build/us_n64/bin/segment2.o
 .data.dialog_text_DIALOG_156
                0x000000000200b268       0x5c build/us_n64/bin/segment2.o
 .data.dialog_text_DIALOG_155
                0x000000000200b2c4      0x14c build/us_n64/bin/segment2.o
 .data.dialog_text_DIALOG_154
                0x000000000200b410      0x11c build/us_n64/bin/segment2.o
 .data.dialog_text_DIALOG_153
                0x000000000200b52c       0x84 build/us_n64/bin/segment2.o
 .data.dialog_text_DIALOG_152
                0x000000000200b5b0       0xf0 build/us_n64/bin/segment2.o
 .data.dialog_text_DIALOG_151
                0x000000000200b6a0       0x80 build/us_n64/bin/segment2.o
 .data.dialog_text_DIALOG_150
                0x000000000200b720      0x130 build/us_n64/bin/segment2.o
 .data.dialog_text_DIALOG_149
                0x000000000200b850       0xd0 build/us_n64/bin/segment2.o
 .data.dialog_text_DIALOG_148
                0x000000000200b920       0xcc build/us_n64/bin/segment2.o
 .data.dialog_text_DIALOG_147
                0x000000000200b9ec      0x14c build/us_n64/bin/segment2.o
 .data.dialog_text_DIALOG_146
                0x000000000200bb38       0x88 build/us_n64/bin/segment2.o
 .data.dialog_text_DIALOG_145
                0x000000000200bbc0      0x118 build/us_n64/bin/segment2.o
 .data.dialog_text_DIALOG_144
                0x000000000200bcd8      0x154 build/us_n64/bin/segment2.o
 .data.dialog_text_DIALOG_143
                0x000000000200be2c       0x8c build/us_n64/bin/segment2.o
 .data.dialog_text_DIALOG_142
                0x000000000200beb8       0xbc build/us_n64/bin/segment2.o
 .data.dialog_text_DIALOG_141
                0x000000000200bf74      0x12c build/us_n64/bin/segment2.o
 .data.dialog_text_DIALOG_140
                0x000000000200c0a0       0x60 build/us_n64/bin/segment2.o
 .data.dialog_text_DIALOG_139
                0x000000000200c100       0x78 build/us_n64/bin/segment2.o
 .data.dialog_text_DIALOG_138
                0x000000000200c178       0x44 build/us_n64/bin/segment2.o
 .data.dialog_text_DIALOG_137
                0x000000000200c1bc       0xfc build/us_n64/bin/segment2.o
 .data.dialog_text_DIALOG_136
                0x000000000200c2b8      0x1f0 build/us_n64/bin/segment2.o
 .data.dialog_text_DIALOG_135
                0x000000000200c4a8      0x150 build/us_n64/bin/segment2.o
 .data.dialog_text_DIALOG_134
                0x000000000200c5f8      0x12c build/us_n64/bin/segment2.o
 .data.dialog_text_DIALOG_133
                0x000000000200c724      0x238 build/us_n64/bin/segment2.o
 .data.dialog_text_DIALOG_132
                0x000000000200c95c       0x98 build/us_n64/bin/segment2.o
 .data.dialog_text_DIALOG_131
                0x000000000200c9f4      0x168 build/us_n64/bin/segment2.o
 .data.dialog_text_DIALOG_130
                0x000000000200cb5c       0xb8 build/us_n64/bin/segment2.o
 .data.dialog_text_DIALOG_129
                0x000000000200cc14       0xec build/us_n64/bin/segment2.o
 .data.dialog_text_DIALOG_128
                0x000000000200cd00       0x58 build/us_n64/bin/segment2.o
 .data.dialog_text_DIALOG_127
                0x000000000200cd58       0xac build/us_n64/bin/segment2.o
 .data.dialog_text_DIALOG_126
                0x000000000200ce04       0x34 build/us_n64/bin/segment2.o
 .data.dialog_text_DIALOG_125
                0x000000000200ce38       0x30 build/us_n64/bin/segment2.o
 .data.dialog_text_DIALOG_124
                0x000000000200ce68       0x70 build/us_n64/bin/segment2.o
 .data.dialog_text_DIALOG_123
                0x000000000200ced8       0x38 build/us_n64/bin/segment2.o
 .data.dialog_text_DIALOG_122
                0x000000000200cf10       0x4c build/us_n64/bin/segment2.o
 .data.dialog_text_DIALOG_121
                0x000000000200cf5c      0x100 build/us_n64/bin/segment2.o
 .data.dialog_text_DIALOG_120
                0x000000000200d05c       0xfc build/us_n64/bin/segment2.o
 .data.dialog_text_DIALOG_119
                0x000000000200d158       0xfc build/us_n64/bin/segment2.o
 .data.dialog_text_DIALOG_118
                0x000000000200d254       0xa0 build/us_n64/bin/segment2.o
 .data.dialog_text_DIALOG_117
                0x000000000200d2f4       0xa4 build/us_n64/bin/segment2.o
 .data.dialog_text_DIALOG_116
                0x000000000200d398      0x168 build/us_n64/bin/segment2.o
 .data.dialog_text_DIALOG_115
                0x000000000200d500       0x74 build/us_n64/bin/segment2.o
 .data.dialog_text_DIALOG_114
                0x000000000200d574      0x110 build/us_n64/bin/segment2.o
 .data.dialog_text_DIALOG_113
                0x000000000200d684       0x7c build/us_n64/bin/segment2.o
 .data.dialog_text_DIALOG_112
                0x000000000200d700      0x10c build/us_n64/bin/segment2.o
 .data.dialog_text_DIALOG_111
                0x000000000200d80c       0x58 build/us_n64/bin/segment2.o
 .data.dialog_text_DIALOG_110
                0x000000000200d864       0x70 build/us_n64/bin/segment2.o
 .data.dialog_text_DIALOG_109
                0x000000000200d8d4       0xb8 build/us_n64/bin/segment2.o
 .data.dialog_text_DIALOG_108
                0x000000000200d98c       0x5c build/us_n64/bin/segment2.o
 .data.dialog_text_DIALOG_107
                0x000000000200d9e8       0x50 build/us_n64/bin/segment2.o
 .data.dialog_text_DIALOG_106
                0x000000000200da38       0x30 build/us_n64/bin/segment2.o
 .data.dialog_text_DIALOG_105
                0x000000000200da68       0xe0 build/us_n64/bin/segment2.o
 .data.dialog_text_DIALOG_104
                0x000000000200db48       0x6c build/us_n64/bin/segment2.o
 .data.dialog_text_DIALOG_103
                0x000000000200dbb4       0x4c build/us_n64/bin/segment2.o
 .data.dialog_text_DIALOG_102
                0x000000000200dc00       0xc8 build/us_n64/bin/segment2.o
 .data.dialog_text_DIALOG_101
                0x000000000200dcc8       0xdc build/us_n64/bin/segment2.o
 .data.dialog_text_DIALOG_100
                0x000000000200dda4       0x48 build/us_n64/bin/segment2.o
 .data.dialog_text_DIALOG_099
                0x000000000200ddec       0x68 build/us_n64/bin/segment2.o
 .data.dialog_text_DIALOG_098
                0x000000000200de54       0x28 build/us_n64/bin/segment2.o
 .data.dialog_text_DIALOG_097
                0x000000000200de7c       0x78 build/us_n64/bin/segment2.o
 .data.dialog_text_DIALOG_096
                0x000000000200def4       0xb0 build/us_n64/bin/segment2.o
 .data.dialog_text_DIALOG_095
                0x000000000200dfa4       0xdc build/us_n64/bin/segment2.o
 .data.dialog_text_DIALOG_094
                0x000000000200e080       0x50 build/us_n64/bin/segment2.o
 .data.dialog_text_DIALOG_093
                0x000000000200e0d0       0xf0 build/us_n64/bin/segment2.o
 .data.dialog_text_DIALOG_092
                0x000000000200e1c0       0xb8 build/us_n64/bin/segment2.o
 .data.dialog_text_DIALOG_091
                0x000000000200e278       0x38 build/us_n64/bin/segment2.o
 .data.dialog_text_DIALOG_090
                0x000000000200e2b0       0x6c build/us_n64/bin/segment2.o
 .data.dialog_text_DIALOG_089
                0x000000000200e31c       0xfc build/us_n64/bin/segment2.o
 .data.dialog_text_DIALOG_088
                0x000000000200e418       0x5c build/us_n64/bin/segment2.o
 .data.dialog_text_DIALOG_087
                0x000000000200e474       0x58 build/us_n64/bin/segment2.o
 .data.dialog_text_DIALOG_086
                0x000000000200e4cc       0x40 build/us_n64/bin/segment2.o
 .data.dialog_text_DIALOG_085
                0x000000000200e50c       0x6c build/us_n64/bin/segment2.o
 .data.dialog_text_DIALOG_084
                0x000000000200e578       0xfc build/us_n64/bin/segment2.o
 .data.dialog_text_DIALOG_083
                0x000000000200e674       0x8c build/us_n64/bin/segment2.o
 .data.dialog_text_DIALOG_082
                0x000000000200e700      0x190 build/us_n64/bin/segment2.o
 .data.dialog_text_DIALOG_081
                0x000000000200e890       0x7c build/us_n64/bin/segment2.o
 .data.dialog_text_DIALOG_080
                0x000000000200e90c       0x14 build/us_n64/bin/segment2.o
 .data.dialog_text_DIALOG_079
                0x000000000200e920       0xc0 build/us_n64/bin/segment2.o
 .data.dialog_text_DIALOG_078
                0x000000000200e9e0       0xc8 build/us_n64/bin/segment2.o
 .data.dialog_text_DIALOG_077
                0x000000000200eaa8       0x30 build/us_n64/bin/segment2.o
 .data.dialog_text_DIALOG_076
                0x000000000200ead8      0x16c build/us_n64/bin/segment2.o
 .data.dialog_text_DIALOG_075
                0x000000000200ec44      0x210 build/us_n64/bin/segment2.o
 .data.dialog_text_DIALOG_074
                0x000000000200ee54      0x130 build/us_n64/bin/segment2.o
 .data.dialog_text_DIALOG_073
                0x000000000200ef84       0xc0 build/us_n64/bin/segment2.o
 .data.dialog_text_DIALOG_072
                0x000000000200f044       0x64 build/us_n64/bin/segment2.o
 .data.dialog_text_DIALOG_071
                0x000000000200f0a8       0x94 build/us_n64/bin/segment2.o
 .data.dialog_text_DIALOG_070
                0x000000000200f13c      0x218 build/us_n64/bin/segment2.o
 .data.dialog_text_DIALOG_069
                0x000000000200f354       0x7c build/us_n64/bin/segment2.o
 .data.dialog_text_DIALOG_068
                0x000000000200f3d0       0xa8 build/us_n64/bin/segment2.o
 .data.dialog_text_DIALOG_067
                0x000000000200f478       0xc8 build/us_n64/bin/segment2.o
 .data.dialog_text_DIALOG_066
                0x000000000200f540      0x1fc build/us_n64/bin/segment2.o
 .data.dialog_text_DIALOG_065
                0x000000000200f73c      0x1e0 build/us_n64/bin/segment2.o
 .data.dialog_text_DIALOG_064
                0x000000000200f91c       0xd0 build/us_n64/bin/segment2.o
 .data.dialog_text_DIALOG_063
                0x000000000200f9ec       0xb4 build/us_n64/bin/segment2.o
 .data.dialog_text_DIALOG_062
                0x000000000200faa0       0xd0 build/us_n64/bin/segment2.o
 .data.dialog_text_DIALOG_061
                0x000000000200fb70       0x48 build/us_n64/bin/segment2.o
 .data.dialog_text_DIALOG_060
                0x000000000200fbb8      0x1d4 build/us_n64/bin/segment2.o
 .data.dialog_text_DIALOG_059
                0x000000000200fd8c       0x54 build/us_n64/bin/segment2.o
 .data.dialog_text_DIALOG_058
                0x000000000200fde0       0xa0 build/us_n64/bin/segment2.o
 .data.dialog_text_DIALOG_057
                0x000000000200fe80       0xf0 build/us_n64/bin/segment2.o
 .data.dialog_text_DIALOG_056
                0x000000000200ff70       0xc4 build/us_n64/bin/segment2.o
 .data.dialog_text_DIALOG_055
                0x0000000002010034       0xe8 build/us_n64/bin/segment2.o
 .data.dialog_text_DIALOG_054
                0x000000000201011c       0x6c build/us_n64/bin/segment2.o
 .data.dialog_text_DIALOG_053
                0x0000000002010188       0xa4 build/us_n64/bin/segment2.o
 .data.dialog_text_DIALOG_052
                0x000000000201022c       0xb8 build/us_n64/bin/segment2.o
 .data.dialog_text_DIALOG_051
                0x00000000020102e4      0x120 build/us_n64/bin/segment2.o
 .data.dialog_text_DIALOG_050
                0x0000000002010404       0xf4 build/us_n64/bin/segment2.o
 .data.dialog_text_DIALOG_049
                0x00000000020104f8       0xec build/us_n64/bin/segment2.o
 .data.dialog_text_DIALOG_048
                0x00000000020105e4       0x54 build/us_n64/bin/segment2.o
 .data.dialog_text_DIALOG_047
                0x0000000002010638       0x24 build/us_n64/bin/segment2.o
 .data.dialog_text_DIALOG_046
                0x000000000201065c      0x1d8 build/us_n64/bin/segment2.o
 .data.dialog_text_DIALOG_045
                0x0000000002010834       0x84 build/us_n64/bin/segment2.o
 .data.dialog_text_DIALOG_044
                0x00000000020108b8      0x11c build/us_n64/bin/segment2.o
 .data.dialog_text_DIALOG_043
                0x00000000020109d4       0x70 build/us_n64/bin/segment2.o
 .data.dialog_text_DIALOG_042
                0x0000000002010a44      0x134 build/us_n64/bin/segment2.o
 .data.dialog_text_DIALOG_041
                0x0000000002010b78       0x68 build/us_n64/bin/segment2.o
 .data.dialog_text_DIALOG_040
                0x0000000002010be0       0x24 build/us_n64/bin/segment2.o
 .data.dialog_text_DIALOG_039
                0x0000000002010c04      0x178 build/us_n64/bin/segment2.o
 .data.dialog_text_DIALOG_038
                0x0000000002010d7c       0x30 build/us_n64/bin/segment2.o
 .data.dialog_text_DIALOG_037
                0x0000000002010dac       0x64 build/us_n64/bin/segment2.o
 .data.dialog_text_DIALOG_036
                0x0000000002010e10      0x110 build/us_n64/bin/segment2.o
 .data.dialog_text_DIALOG_035
                0x0000000002010f20      0x1a0 build/us_n64/bin/segment2.o
 .data.dialog_text_DIALOG_034
                0x00000000020110c0      0x268 build/us_n64/bin/segment2.o
 .data.dialog_text_DIALOG_033
                0x0000000002011328      0x104 build/us_n64/bin/segment2.o
 .data.dialog_text_DIALOG_032
                0x000000000201142c       0xf8 build/us_n64/bin/segment2.o
 .data.dialog_text_DIALOG_031
                0x0000000002011524       0xbc build/us_n64/bin/segment2.o
 .data.dialog_text_DIALOG_030
                0x00000000020115e0      0x1c0 build/us_n64/bin/segment2.o
 .data.dialog_text_DIALOG_029
                0x00000000020117a0       0x50 build/us_n64/bin/segment2.o
 .data.dialog_text_DIALOG_028
                0x00000000020117f0       0x48 build/us_n64/bin/segment2.o
 .data.dialog_text_DIALOG_027
                0x0000000002011838       0x48 build/us_n64/bin/segment2.o
 .data.dialog_text_DIALOG_026
                0x0000000002011880       0x48 build/us_n64/bin/segment2.o
 .data.dialog_text_DIALOG_025
                0x00000000020118c8       0x48 build/us_n64/bin/segment2.o
 .data.dialog_text_DIALOG_024
                0x0000000002011910       0x70 build/us_n64/bin/segment2.o
 .data.dialog_text_DIALOG_023
                0x0000000002011980       0x34 build/us_n64/bin/segment2.o
 .data.dialog_text_DIALOG_022
                0x00000000020119b4       0x24 build/us_n64/bin/segment2.o
 .data.dialog_text_DIALOG_021
                0x00000000020119d8       0x44 build/us_n64/bin/segment2.o
 .data.dialog_text_DIALOG_020
                0x0000000002011a1c       0x60 build/us_n64/bin/segment2.o
 .data.dialog_text_DIALOG_019
                0x0000000002011a7c       0x28 build/us_n64/bin/segment2.o
 .data.dialog_text_DIALOG_018
                0x0000000002011aa4       0x5c build/us_n64/bin/segment2.o
 .data.dialog_text_DIALOG_017
                0x0000000002011b00      0x1bc build/us_n64/bin/segment2.o
 .data.dialog_text_DIALOG_016
                0x0000000002011cbc       0x4c build/us_n64/bin/segment2.o
 .data.dialog_text_DIALOG_015
                0x0000000002011d08       0xb0 build/us_n64/bin/segment2.o
 .data.dialog_text_DIALOG_014
                0x0000000002011db8       0x74 build/us_n64/bin/segment2.o
 .data.dialog_text_DIALOG_013
                0x0000000002011e2c       0x64 build/us_n64/bin/segment2.o
 .data.dialog_text_DIALOG_012
                0x0000000002011e90       0xb4 build/us_n64/bin/segment2.o
 .data.dialog_text_DIALOG_011
                0x0000000002011f44       0xb4 build/us_n64/bin/segment2.o
 .data.dialog_text_DIALOG_010
                0x0000000002011ff8       0xb0 build/us_n64/bin/segment2.o
 .data.dialog_text_DIALOG_009
                0x00000000020120a8      0x104 build/us_n64/bin/segment2.o
 .data.dialog_text_DIALOG_008
                0x00000000020121ac       0xd4 build/us_n64/bin/segment2.o
 .data.dialog_text_DIALOG_007
                0x0000000002012280       0x70 build/us_n64/bin/segment2.o
 .data.dialog_text_DIALOG_006
                0x00000000020122f0       0x70 build/us_n64/bin/segment2.o
 .data.dialog_text_DIALOG_005
                0x0000000002012360      0x14c build/us_n64/bin/segment2.o
 .data.dialog_text_DIALOG_004
                0x00000000020124ac       0xb8 build/us_n64/bin/segment2.o
 .data.dialog_text_DIALOG_003
                0x0000000002012564      0x134 build/us_n64/bin/segment2.o
 .data.dialog_text_DIALOG_002
                0x0000000002012698      0x120 build/us_n64/bin/segment2.o
 .data.dialog_text_DIALOG_001
                0x00000000020127b8      0x194 build/us_n64/bin/segment2.o
 .data.dialog_text_DIALOG_000
                0x000000000201294c      0x178 build/us_n64/bin/segment2.o
 .data.main_hud_camera_lut
                0x0000000002012ac4       0x18 build/us_n64/bin/segment2.o
                0x0000000002012ac4                main_hud_camera_lut
 .data.main_credits_font_lut
                0x0000000002012adc       0x94 build/us_n64/bin/segment2.o
                0x0000000002012adc                main_credits_font_lut
 .data.main_font_lut
                0x0000000002012b70      0x400 build/us_n64/bin/segment2.o
                0x0000000002012b70                main_font_lut
 .data.main_hud_lut
                0x0000000002012f70       0xec build/us_n64/bin/segment2.o
                0x0000000002012f70                main_hud_lut
 *fill*         0x000000000201305c        0x4 
 .data.texture_hud_char_arrow_down
                0x0000000002013060       0x80 build/us_n64/bin/segment2.o
 .data.texture_hud_char_arrow_up
                0x00000000020130e0       0x80 build/us_n64/bin/segment2.o
 .data.texture_hud_char_no_camera
                0x0000000002013160      0x200 build/us_n64/bin/segment2.o
 .data.texture_hud_char_lakitu
                0x0000000002013360      0x200 build/us_n64/bin/segment2.o
 .data.texture_hud_char_camera
                0x0000000002013560      0x200 build/us_n64/bin/segment2.o
 .data.texture_font_char_us_button_C_right
                0x0000000002013760       0x40 build/us_n64/bin/segment2.o
 .data.texture_font_char_us_button_C_left
                0x00000000020137a0       0x40 build/us_n64/bin/segment2.o
 .data.texture_font_char_us_button_C_down
                0x00000000020137e0       0x40 build/us_n64/bin/segment2.o
 .data.texture_font_char_us_button_C_up
                0x0000000002013820       0x40 build/us_n64/bin/segment2.o
 .data.texture_font_char_us_button_R
                0x0000000002013860       0x40 build/us_n64/bin/segment2.o
 .data.texture_font_char_us_button_Z
                0x00000000020138a0       0x40 build/us_n64/bin/segment2.o
 .data.texture_font_char_us_button_C
                0x00000000020138e0       0x40 build/us_n64/bin/segment2.o
 .data.texture_font_char_us_button_B
                0x0000000002013920       0x40 build/us_n64/bin/segment2.o
 .data.texture_font_char_us_button_A
                0x0000000002013960       0x40 build/us_n64/bin/segment2.o
 .data.texture_font_char_us_ampersand
                0x00000000020139a0       0x40 build/us_n64/bin/segment2.o
 .data.texture_font_char_us_slash
                0x00000000020139e0       0x40 build/us_n64/bin/segment2.o
 .data.texture_font_char_us_ellipsis
                0x0000000002013a20       0x40 build/us_n64/bin/segment2.o
 .data.texture_font_char_us_double_quote_close
                0x0000000002013a60       0x40 build/us_n64/bin/segment2.o
 .data.texture_font_char_us_double_quote_open
                0x0000000002013aa0       0x40 build/us_n64/bin/segment2.o
 .data.texture_font_char_us_star_hollow
                0x0000000002013ae0       0x40 build/us_n64/bin/segment2.o
 .data.texture_font_char_us_star_filled
                0x0000000002013b20       0x40 build/us_n64/bin/segment2.o
 .data.texture_font_char_us_question
                0x0000000002013b60       0x40 build/us_n64/bin/segment2.o
 .data.texture_font_char_us_apostrophe
                0x0000000002013ba0       0x40 build/us_n64/bin/segment2.o
 .data.texture_font_char_us_comma
                0x0000000002013be0       0x40 build/us_n64/bin/segment2.o
 .data.texture_font_char_us_interpunct
                0x0000000002013c20       0x40 build/us_n64/bin/segment2.o
 .data.texture_font_char_us_percent
                0x0000000002013c60       0x40 build/us_n64/bin/segment2.o
 .data.texture_font_char_us_period
                0x0000000002013ca0       0x40 build/us_n64/bin/segment2.o
 .data.texture_font_char_us_tilde
                0x0000000002013ce0       0x40 build/us_n64/bin/segment2.o
 .data.texture_font_char_us_close_parentheses
                0x0000000002013d20       0x40 build/us_n64/bin/segment2.o
 .data.texture_font_char_us_close_open_parentheses
                0x0000000002013d60       0x40 build/us_n64/bin/segment2.o
 .data.texture_font_char_us_open_parentheses
                0x0000000002013da0       0x40 build/us_n64/bin/segment2.o
 .data.texture_font_char_us_multiply
                0x0000000002013de0       0x40 build/us_n64/bin/segment2.o
 .data.texture_font_char_us_coin
                0x0000000002013e20       0x40 build/us_n64/bin/segment2.o
 .data.texture_font_char_us_exclamation
                0x0000000002013e60       0x40 build/us_n64/bin/segment2.o
 .data.texture_font_char_us_left_right_arrow
                0x0000000002013ea0       0x40 build/us_n64/bin/segment2.o
 .data.texture_font_char_us_z
                0x0000000002013ee0       0x40 build/us_n64/bin/segment2.o
 .data.texture_font_char_us_y
                0x0000000002013f20       0x40 build/us_n64/bin/segment2.o
 .data.texture_font_char_us_x
                0x0000000002013f60       0x40 build/us_n64/bin/segment2.o
 .data.texture_font_char_us_w
                0x0000000002013fa0       0x40 build/us_n64/bin/segment2.o
 .data.texture_font_char_us_v
                0x0000000002013fe0       0x40 build/us_n64/bin/segment2.o
 .data.texture_font_char_us_u
                0x0000000002014020       0x40 build/us_n64/bin/segment2.o
 .data.texture_font_char_us_t
                0x0000000002014060       0x40 build/us_n64/bin/segment2.o
 .data.texture_font_char_us_s
                0x00000000020140a0       0x40 build/us_n64/bin/segment2.o
 .data.texture_font_char_us_r
                0x00000000020140e0       0x40 build/us_n64/bin/segment2.o
 .data.texture_font_char_us_q
                0x0000000002014120       0x40 build/us_n64/bin/segment2.o
 .data.texture_font_char_us_p
                0x0000000002014160       0x40 build/us_n64/bin/segment2.o
 .data.texture_font_char_us_o
                0x00000000020141a0       0x40 build/us_n64/bin/segment2.o
 .data.texture_font_char_us_n
                0x00000000020141e0       0x40 build/us_n64/bin/segment2.o
 .data.texture_font_char_us_m
                0x0000000002014220       0x40 build/us_n64/bin/segment2.o
 .data.texture_font_char_us_l
                0x0000000002014260       0x40 build/us_n64/bin/segment2.o
 .data.texture_font_char_us_k
                0x00000000020142a0       0x40 build/us_n64/bin/segment2.o
 .data.texture_font_char_us_j
                0x00000000020142e0       0x40 build/us_n64/bin/segment2.o
 .data.texture_font_char_us_i
                0x0000000002014320       0x40 build/us_n64/bin/segment2.o
 .data.texture_font_char_us_h
                0x0000000002014360       0x40 build/us_n64/bin/segment2.o
 .data.texture_font_char_us_g
                0x00000000020143a0       0x40 build/us_n64/bin/segment2.o
 .data.texture_font_char_us_f
                0x00000000020143e0       0x40 build/us_n64/bin/segment2.o
 .data.texture_font_char_us_e
                0x0000000002014420       0x40 build/us_n64/bin/segment2.o
 .data.texture_font_char_us_d
                0x0000000002014460       0x40 build/us_n64/bin/segment2.o
 .data.texture_font_char_us_c
                0x00000000020144a0       0x40 build/us_n64/bin/segment2.o
 .data.texture_font_char_us_b
                0x00000000020144e0       0x40 build/us_n64/bin/segment2.o
 .data.texture_font_char_us_a
                0x0000000002014520       0x40 build/us_n64/bin/segment2.o
 .data.texture_font_char_us_Z
                0x0000000002014560       0x40 build/us_n64/bin/segment2.o
 .data.texture_font_char_us_Y
                0x00000000020145a0       0x40 build/us_n64/bin/segment2.o
 .data.texture_font_char_us_X
                0x00000000020145e0       0x40 build/us_n64/bin/segment2.o
 .data.texture_font_char_us_W
                0x0000000002014620       0x40 build/us_n64/bin/segment2.o
 .data.texture_font_char_us_V
                0x0000000002014660       0x40 build/us_n64/bin/segment2.o
 .data.texture_font_char_us_U
                0x00000000020146a0       0x40 build/us_n64/bin/segment2.o
 .data.texture_font_char_us_T
                0x00000000020146e0       0x40 build/us_n64/bin/segment2.o
 .data.texture_font_char_us_S
                0x0000000002014720       0x40 build/us_n64/bin/segment2.o
 .data.texture_font_char_us_R
                0x0000000002014760       0x40 build/us_n64/bin/segment2.o
 .data.texture_font_char_us_Q
                0x00000000020147a0       0x40 build/us_n64/bin/segment2.o
 .data.texture_font_char_us_P
                0x00000000020147e0       0x40 build/us_n64/bin/segment2.o
 .data.texture_font_char_us_O
                0x0000000002014820       0x40 build/us_n64/bin/segment2.o
 .data.texture_font_char_us_N
                0x0000000002014860       0x40 build/us_n64/bin/segment2.o
 .data.texture_font_char_us_M
                0x00000000020148a0       0x40 build/us_n64/bin/segment2.o
 .data.texture_font_char_us_L
                0x00000000020148e0       0x40 build/us_n64/bin/segment2.o
 .data.texture_font_char_us_K
                0x0000000002014920       0x40 build/us_n64/bin/segment2.o
 .data.texture_font_char_us_J
                0x0000000002014960       0x40 build/us_n64/bin/segment2.o
 .data.texture_font_char_us_I
                0x00000000020149a0       0x40 build/us_n64/bin/segment2.o
 .data.texture_font_char_us_H
                0x00000000020149e0       0x40 build/us_n64/bin/segment2.o
 .data.texture_font_char_us_G
                0x0000000002014a20       0x40 build/us_n64/bin/segment2.o
 .data.texture_font_char_us_F
                0x0000000002014a60       0x40 build/us_n64/bin/segment2.o
 .data.texture_font_char_us_E
                0x0000000002014aa0       0x40 build/us_n64/bin/segment2.o
 .data.texture_font_char_us_D
                0x0000000002014ae0       0x40 build/us_n64/bin/segment2.o
 .data.texture_font_char_us_C
                0x0000000002014b20       0x40 build/us_n64/bin/segment2.o
 .data.texture_font_char_us_B
                0x0000000002014b60       0x40 build/us_n64/bin/segment2.o
 .data.texture_font_char_us_A
                0x0000000002014ba0       0x40 build/us_n64/bin/segment2.o
 .data.texture_font_char_us_9
                0x0000000002014be0       0x40 build/us_n64/bin/segment2.o
 .data.texture_font_char_us_8
                0x0000000002014c20       0x40 build/us_n64/bin/segment2.o
 .data.texture_font_char_us_7
                0x0000000002014c60       0x40 build/us_n64/bin/segment2.o
 .data.texture_font_char_us_6
                0x0000000002014ca0       0x40 build/us_n64/bin/segment2.o
 .data.texture_font_char_us_5
                0x0000000002014ce0       0x40 build/us_n64/bin/segment2.o
 .data.texture_font_char_us_4
                0x0000000002014d20       0x40 build/us_n64/bin/segment2.o
 .data.texture_font_char_us_3
                0x0000000002014d60       0x40 build/us_n64/bin/segment2.o
 .data.texture_font_char_us_2
                0x0000000002014da0       0x40 build/us_n64/bin/segment2.o
 .data.texture_font_char_us_1
                0x0000000002014de0       0x40 build/us_n64/bin/segment2.o
 .data.texture_font_char_us_0
                0x0000000002014e20       0x40 build/us_n64/bin/segment2.o
 .data.texture_credits_char_period
                0x0000000002014e60       0x80 build/us_n64/bin/segment2.o
 .data.texture_credits_char_Z
                0x0000000002014ee0       0x80 build/us_n64/bin/segment2.o
 .data.texture_credits_char_Y
                0x0000000002014f60       0x80 build/us_n64/bin/segment2.o
 .data.texture_credits_char_X
                0x0000000002014fe0       0x80 build/us_n64/bin/segment2.o
 .data.texture_credits_char_W
                0x0000000002015060       0x80 build/us_n64/bin/segment2.o
 .data.texture_credits_char_V
                0x00000000020150e0       0x80 build/us_n64/bin/segment2.o
 .data.texture_credits_char_U
                0x0000000002015160       0x80 build/us_n64/bin/segment2.o
 .data.texture_credits_char_T
                0x00000000020151e0       0x80 build/us_n64/bin/segment2.o
 .data.texture_credits_char_S
                0x0000000002015260       0x80 build/us_n64/bin/segment2.o
 .data.texture_credits_char_R
                0x00000000020152e0       0x80 build/us_n64/bin/segment2.o
 .data.texture_credits_char_Q
                0x0000000002015360       0x80 build/us_n64/bin/segment2.o
 .data.texture_credits_char_P
                0x00000000020153e0       0x80 build/us_n64/bin/segment2.o
 .data.texture_credits_char_O
                0x0000000002015460       0x80 build/us_n64/bin/segment2.o
 .data.texture_credits_char_N
                0x00000000020154e0       0x80 build/us_n64/bin/segment2.o
 .data.texture_credits_char_M
                0x0000000002015560       0x80 build/us_n64/bin/segment2.o
 .data.texture_credits_char_L
                0x00000000020155e0       0x80 build/us_n64/bin/segment2.o
 .data.texture_credits_char_K
                0x0000000002015660       0x80 build/us_n64/bin/segment2.o
 .data.texture_credits_char_J
                0x00000000020156e0       0x80 build/us_n64/bin/segment2.o
 .data.texture_credits_char_I
                0x0000000002015760       0x80 build/us_n64/bin/segment2.o
 .data.texture_credits_char_H
                0x00000000020157e0       0x80 build/us_n64/bin/segment2.o
 .data.texture_credits_char_G
                0x0000000002015860       0x80 build/us_n64/bin/segment2.o
 .data.texture_credits_char_F
                0x00000000020158e0       0x80 build/us_n64/bin/segment2.o
 .data.texture_credits_char_E
                0x0000000002015960       0x80 build/us_n64/bin/segment2.o
 .data.texture_credits_char_D
                0x00000000020159e0       0x80 build/us_n64/bin/segment2.o
 .data.texture_credits_char_C
                0x0000000002015a60       0x80 build/us_n64/bin/segment2.o
 .data.texture_credits_char_B
                0x0000000002015ae0       0x80 build/us_n64/bin/segment2.o
 .data.texture_credits_char_A
                0x0000000002015b60       0x80 build/us_n64/bin/segment2.o
 .data.texture_credits_char_6
                0x0000000002015be0       0x80 build/us_n64/bin/segment2.o
 .data.texture_credits_char_4
                0x0000000002015c60       0x80 build/us_n64/bin/segment2.o
 .data.texture_credits_char_3
                0x0000000002015ce0       0x80 build/us_n64/bin/segment2.o
 .data.texture_hud_char_beta_key
                0x0000000002015d60      0x200 build/us_n64/bin/segment2.o
 .data.texture_hud_char_decimal_point
                0x0000000002015f60      0x200 build/us_n64/bin/segment2.o
 .data.texture_hud_char_star
                0x0000000002016160      0x200 build/us_n64/bin/segment2.o
 .data.texture_hud_char_mario_head
                0x0000000002016360      0x200 build/us_n64/bin/segment2.o
 .data.texture_hud_char_silver_coin
                0x0000000002016560      0x200 build/us_n64/bin/segment2.o
 .data.texture_hud_char_red_coin
                0x0000000002016760      0x200 build/us_n64/bin/segment2.o
 .data.texture_hud_char_coin
                0x0000000002016960      0x200 build/us_n64/bin/segment2.o
 .data.texture_hud_char_multiply
                0x0000000002016b60      0x200 build/us_n64/bin/segment2.o
 .data.texture_hud_char_minus
                0x0000000002016d60      0x200 build/us_n64/bin/segment2.o
 .data.texture_hud_char_percent
                0x0000000002016f60      0x200 build/us_n64/bin/segment2.o
 .data.texture_hud_char_ampersand
                0x0000000002017160      0x200 build/us_n64/bin/segment2.o
 .data.texture_hud_char_question
                0x0000000002017360      0x200 build/us_n64/bin/segment2.o
 .data.texture_hud_char_double_exclamation
                0x0000000002017560      0x200 build/us_n64/bin/segment2.o
 .data.texture_hud_char_exclamation
                0x0000000002017760      0x200 build/us_n64/bin/segment2.o
 .data.texture_hud_char_umlaut
                0x0000000002017960      0x200 build/us_n64/bin/segment2.o
 .data.texture_hud_char_double_quote
                0x0000000002017b60      0x200 build/us_n64/bin/segment2.o
 .data.texture_hud_char_apostrophe
                0x0000000002017d60      0x200 build/us_n64/bin/segment2.o
 .data.texture_hud_char_Z
                0x0000000002017f60      0x200 build/us_n64/bin/segment2.o
 .data.texture_hud_char_Y
                0x0000000002018160      0x200 build/us_n64/bin/segment2.o
 .data.texture_hud_char_X
                0x0000000002018360      0x200 build/us_n64/bin/segment2.o
 .data.texture_hud_char_W
                0x0000000002018560      0x200 build/us_n64/bin/segment2.o
 .data.texture_hud_char_V
                0x0000000002018760      0x200 build/us_n64/bin/segment2.o
 .data.texture_hud_char_U
                0x0000000002018960      0x200 build/us_n64/bin/segment2.o
 .data.texture_hud_char_T
                0x0000000002018b60      0x200 build/us_n64/bin/segment2.o
 .data.texture_hud_char_S
                0x0000000002018d60      0x200 build/us_n64/bin/segment2.o
 .data.texture_hud_char_R
                0x0000000002018f60      0x200 build/us_n64/bin/segment2.o
 .data.texture_hud_char_Q
                0x0000000002019160      0x200 build/us_n64/bin/segment2.o
 .data.texture_hud_char_P
                0x0000000002019360      0x200 build/us_n64/bin/segment2.o
 .data.texture_hud_char_O
                0x0000000002019560      0x200 build/us_n64/bin/segment2.o
 .data.texture_hud_char_N
                0x0000000002019760      0x200 build/us_n64/bin/segment2.o
 .data.texture_hud_char_M
                0x0000000002019960      0x200 build/us_n64/bin/segment2.o
 .data.texture_hud_char_L
                0x0000000002019b60      0x200 build/us_n64/bin/segment2.o
 .data.texture_hud_char_K
                0x0000000002019d60      0x200 build/us_n64/bin/segment2.o
 .data.texture_hud_char_J
                0x0000000002019f60      0x200 build/us_n64/bin/segment2.o
 .data.texture_hud_char_I
                0x000000000201a160      0x200 build/us_n64/bin/segment2.o
 .data.texture_hud_char_H
                0x000000000201a360      0x200 build/us_n64/bin/segment2.o
 .data.texture_hud_char_G
                0x000000000201a560      0x200 build/us_n64/bin/segment2.o
 .data.texture_hud_char_F
                0x000000000201a760      0x200 build/us_n64/bin/segment2.o
 .data.texture_hud_char_E
                0x000000000201a960      0x200 build/us_n64/bin/segment2.o
 .data.texture_hud_char_D
                0x000000000201ab60      0x200 build/us_n64/bin/segment2.o
 .data.texture_hud_char_C
                0x000000000201ad60      0x200 build/us_n64/bin/segment2.o
 .data.texture_hud_char_B
                0x000000000201af60      0x200 build/us_n64/bin/segment2.o
 .data.texture_hud_char_A
                0x000000000201b160      0x200 build/us_n64/bin/segment2.o
 .data.texture_hud_char_9
                0x000000000201b360      0x200 build/us_n64/bin/segment2.o
 .data.texture_hud_char_8
                0x000000000201b560      0x200 build/us_n64/bin/segment2.o
 .data.texture_hud_char_7
                0x000000000201b760      0x200 build/us_n64/bin/segment2.o
 .data.texture_hud_char_6
                0x000000000201b960      0x200 build/us_n64/bin/segment2.o
 .data.texture_hud_char_5
                0x000000000201bb60      0x200 build/us_n64/bin/segment2.o
 .data.texture_hud_char_4
                0x000000000201bd60      0x200 build/us_n64/bin/segment2.o
 .data.texture_hud_char_3
                0x000000000201bf60      0x200 build/us_n64/bin/segment2.o
 .data.texture_hud_char_2
                0x000000000201c160      0x200 build/us_n64/bin/segment2.o
 .data.texture_hud_char_1
                0x000000000201c360      0x200 build/us_n64/bin/segment2.o
 .data.texture_hud_char_0
                0x000000000201c560      0x200 build/us_n64/bin/segment2.o

.data1
 *(.data1)

.got.plt
 *(.got.plt)
                0x000000000201c760                . = .
                0x000000000201c760                . = .
                0x0000000002024750                _gp = (ALIGN (0x10) + 0x7ff0)

.got
 *(.got)

.sdata
 *(.sdata .sdata.* .gnu.linkonce.s.*)

.lit8
 *(.lit8)

.lit4
 *(.lit4)
                0x000000000201c760                _edata = .
                [!provide]                        PROVIDE (edata = .)
                0x000000000201c760                . = .
                0x000000000201c760                __bss_start = .
                0x000000000201c760                _fbss = .

.sbss
 *(.dynsbss)
 *(.sbss .sbss.* .gnu.linkonce.sb.*)
 *(.scommon)

.bss            0x000000000201c760        0x0
 *(.dynbss)
 *(.bss .bss.* .gnu.linkonce.b.*)
 .bss           0x000000000201c760        0x0 build/us_n64/bin/segment2.o
 *(COMMON)
                0x000000000201c760                . = ALIGN ((. != 0x0)?0x4:0x1)
                0x000000000201c760                . = ALIGN (0x4)
                0x000000000201c760                . = SEGMENT_START ("ldata-segment", .)
                0x000000000201c760                . = ALIGN (0x4)
                0x000000000201c760                _end = .
                [!provide]                        PROVIDE (end = .)
                0x000000000201c760                . = DATA_SEGMENT_END (.)

.stab
 *(.stab)

.stabstr
 *(.stabstr)

.stab.excl
 *(.stab.excl)

.stab.exclstr
 *(.stab.exclstr)

.stab.index
 *(.stab.index)

.stab.indexstr
 *(.stab.indexstr)

.comment        0x0000000000000000       0x25
 *(.comment)
 .comment       0x0000000000000000       0x25 build/us_n64/bin/segment2.o
                                         0x26 (size before relaxing)

.pdr            0x0000000000000000        0x0
 .pdr           0x0000000000000000        0x0 build/us_n64/bin/segment2.o

.debug
 *(.debug)

.line
 *(.line)

.debug_srcinfo
 *(.debug_srcinfo)

.debug_sfnames
 *(.debug_sfnames)

.debug_aranges
 *(.debug_aranges)

.debug_pubnames
 *(.debug_pubnames)

.debug_info
 *(.debug_info .gnu.linkonce.wi.*)

.debug_abbrev
 *(.debug_abbrev)

.debug_line
 *(.debug_line .debug_line.* .debug_line_end)

.debug_frame
 *(.debug_frame)

.debug_str
 *(.debug_str)

.debug_loc
 *(.debug_loc)

.debug_macinfo
 *(.debug_macinfo)

.debug_weaknames
 *(.debug_weaknames)

.debug_funcnames
 *(.debug_funcnames)

.debug_typenames
 *(.debug_typenames)

.debug_varnames
 *(.debug_varnames)

.debug_pubtypes
 *(.debug_pubtypes)

.debug_ranges
 *(.debug_ranges)

.debug_macro
 *(.debug_macro)

.debug_addr
 *(.debug_addr)

.gnu.attributes
                0x0000000000000000       0x10
 *(.gnu.attributes)
 .gnu.attributes
                0x0000000000000000       0x10 build/us_n64/bin/segment2.o

.gptab.sdata
 *(.gptab.data)
 *(.gptab.sdata)

.gptab.sbss
 *(.gptab.bss)
 *(.gptab.sbss)

.mdebug.abi32   0x0000000000000000        0x0
 *(.mdebug.abi32)
 .mdebug.abi32  0x0000000000000000        0x0 build/us_n64/bin/segment2.o

.mdebug.abiN32
 *(.mdebug.abiN32)

.mdebug.abi64
 *(.mdebug.abi64)

.mdebug.abiO64
 *(.mdebug.abiO64)

.mdebug.eabi32
 *(.mdebug.eabi32)

.mdebug.eabi64
 *(.mdebug.eabi64)

.gcc_compiled_long32
 *(.gcc_compiled_long32)

.gcc_compiled_long64
 *(.gcc_compiled_long64)

/DISCARD/
 *(.note.GNU-stack)
 *(.gnu_debuglink)
 *(.gnu.lto_*)
OUTPUT(build/us_n64/bin/segment2.elf elf32-bigmips)
